dotstar.cpp:37:1:DotStar::DotStar(uint8_t, uint8_t)	16	static
dotstar.cpp:44:1:DotStar::~DotStar()	16	static
dotstar.cpp:48:6:void DotStar::begin()	16	static
dotstar.cpp:56:6:void DotStar::updateLength(uint8_t)	24	static
dotstar.cpp:67:6:void DotStar::sw_spi_init()	16	static
dotstar.cpp:72:6:void DotStar::sw_spi_end()	16	static
dotstar.cpp:77:6:void DotStar::sw_spi_out(uint8_t)	24	static
dotstar.cpp:99:6:void DotStar::show()	24	static
dotstar.cpp:122:6:void DotStar::clear()	16	static
dotstar.cpp:129:6:void DotStar::setPixelColor(uint8_t, uint8_t, uint8_t, uint8_t)	32	static
dotstar.cpp:140:6:void DotStar::setPixelColor(uint8_t, uint32_t)	32	static
dotstar.cpp:150:10:uint32_t DotStar::Color(uint8_t, uint8_t, uint8_t)	24	static
dotstar.cpp:155:10:uint32_t DotStar::getPixelColor(uint8_t) const	24	static
dotstar.cpp:163:9:uint8_t DotStar::numPixels()	16	static
dotstar.cpp:174:6:void DotStar::setBrightness(uint8_t)	16	static
dotstar.cpp:184:9:uint8_t DotStar::getBrightness() const	16	static
dotstar.cpp:191:10:uint8_t* DotStar::getPixels() const	16	static
