stm32l0xx_hal_i2s.c:1371:26:I2S_WaitFlagStateUntilTimeout	32	static
stm32l0xx_hal_i2s.c:378:14:HAL_I2S_MspInit	0	static
stm32l0xx_hal_i2s.c:213:19:HAL_I2S_Init	16	static
stm32l0xx_hal_i2s.c:394:14:HAL_I2S_MspDeInit	0	static
stm32l0xx_hal_i2s.c:347:19:HAL_I2S_DeInit	16	static
stm32l0xx_hal_i2s.c:466:19:HAL_I2S_Transmit	32	static
stm32l0xx_hal_i2s.c:561:19:HAL_I2S_Receive	40	static
stm32l0xx_hal_i2s.c:648:19:HAL_I2S_Transmit_IT	20	static
stm32l0xx_hal_i2s.c:716:19:HAL_I2S_Receive_IT	20	static
stm32l0xx_hal_i2s.c:781:19:HAL_I2S_Transmit_DMA	24	static
stm32l0xx_hal_i2s.c:862:19:HAL_I2S_Receive_DMA	32	static
stm32l0xx_hal_i2s.c:944:19:HAL_I2S_DMAPause	12	static
stm32l0xx_hal_i2s.c:972:19:HAL_I2S_DMAResume	16	static
stm32l0xx_hal_i2s.c:1007:19:HAL_I2S_DMAStop	16	static
stm32l0xx_hal_i2s.c:1103:14:HAL_I2S_TxHalfCpltCallback	0	static
stm32l0xx_hal_i2s.c:1256:13:I2S_DMATxHalfCplt	8	static
stm32l0xx_hal_i2s.c:1119:14:HAL_I2S_TxCpltCallback	0	static
stm32l0xx_hal_i2s.c:1235:13:I2S_DMATxCplt	8	static
stm32l0xx_hal_i2s.c:1135:13:HAL_I2S_RxHalfCpltCallback	0	static
stm32l0xx_hal_i2s.c:1289:13:I2S_DMARxHalfCplt	8	static
stm32l0xx_hal_i2s.c:1151:13:HAL_I2S_RxCpltCallback	0	static
stm32l0xx_hal_i2s.c:1269:13:I2S_DMARxCplt	8	static
stm32l0xx_hal_i2s.c:1167:14:HAL_I2S_ErrorCallback	0	static
stm32l0xx_hal_i2s.c:1302:13:I2S_DMAError	8	static
stm32l0xx_hal_i2s.c:1048:6:HAL_I2S_IRQHandler	8	static
stm32l0xx_hal_i2s.c:1202:22:HAL_I2S_GetState	0	static
stm32l0xx_hal_i2s.c:1213:10:HAL_I2S_GetError	0	static
