Archive member included to satisfy reference by file (symbol)

c:/program files (x86)/atollic/truestudio for stm32 9.0.1/armtools/bin/../lib/gcc/arm-atollic-eabi/6.3.1/../../../../arm-atollic-eabi/lib/armv6-m\libc_nano.a(lib_a-init.o)
                              startup\startup_stm32l052xx.o (__libc_init_array)
c:/program files (x86)/atollic/truestudio for stm32 9.0.1/armtools/bin/../lib/gcc/arm-atollic-eabi/6.3.1/../../../../arm-atollic-eabi/lib/armv6-m\libc_nano.a(lib_a-malloc.o)
                              Src\dotstar.o (malloc)
c:/program files (x86)/atollic/truestudio for stm32 9.0.1/armtools/bin/../lib/gcc/arm-atollic-eabi/6.3.1/../../../../arm-atollic-eabi/lib/armv6-m\libc_nano.a(lib_a-memcpy-stub.o)
                              Src\main.o (memcpy)
c:/program files (x86)/atollic/truestudio for stm32 9.0.1/armtools/bin/../lib/gcc/arm-atollic-eabi/6.3.1/../../../../arm-atollic-eabi/lib/armv6-m\libc_nano.a(lib_a-memset.o)
                              Drivers\STM32L0xx_HAL_Driver\Src\stm32l0xx_hal_rcc.o (memset)
c:/program files (x86)/atollic/truestudio for stm32 9.0.1/armtools/bin/../lib/gcc/arm-atollic-eabi/6.3.1/../../../../arm-atollic-eabi/lib/armv6-m\libc_nano.a(lib_a-nano-freer.o)
                              c:/program files (x86)/atollic/truestudio for stm32 9.0.1/armtools/bin/../lib/gcc/arm-atollic-eabi/6.3.1/../../../../arm-atollic-eabi/lib/armv6-m\libc_nano.a(lib_a-malloc.o) (_free_r)
c:/program files (x86)/atollic/truestudio for stm32 9.0.1/armtools/bin/../lib/gcc/arm-atollic-eabi/6.3.1/../../../../arm-atollic-eabi/lib/armv6-m\libc_nano.a(lib_a-nano-mallocr.o)
                              c:/program files (x86)/atollic/truestudio for stm32 9.0.1/armtools/bin/../lib/gcc/arm-atollic-eabi/6.3.1/../../../../arm-atollic-eabi/lib/armv6-m\libc_nano.a(lib_a-malloc.o) (_malloc_r)
c:/program files (x86)/atollic/truestudio for stm32 9.0.1/armtools/bin/../lib/gcc/arm-atollic-eabi/6.3.1/../../../../arm-atollic-eabi/lib/armv6-m\libc_nano.a(lib_a-printf.o)
                              Middlewares\Third_Party\FatFs\src\fat_sd_spi.o (printf)
c:/program files (x86)/atollic/truestudio for stm32 9.0.1/armtools/bin/../lib/gcc/arm-atollic-eabi/6.3.1/../../../../arm-atollic-eabi/lib/armv6-m\libc_nano.a(lib_a-puts.o)
                              Middlewares\Third_Party\FatFs\src\fat_sd_spi.o (puts)
c:/program files (x86)/atollic/truestudio for stm32 9.0.1/armtools/bin/../lib/gcc/arm-atollic-eabi/6.3.1/../../../../arm-atollic-eabi/lib/armv6-m\libc_nano.a(lib_a-sbrkr.o)
                              c:/program files (x86)/atollic/truestudio for stm32 9.0.1/armtools/bin/../lib/gcc/arm-atollic-eabi/6.3.1/../../../../arm-atollic-eabi/lib/armv6-m\libc_nano.a(lib_a-nano-mallocr.o) (_sbrk_r)
c:/program files (x86)/atollic/truestudio for stm32 9.0.1/armtools/bin/../lib/gcc/arm-atollic-eabi/6.3.1/../../../../arm-atollic-eabi/lib/armv6-m\libc_nano.a(lib_a-wbuf.o)
                              c:/program files (x86)/atollic/truestudio for stm32 9.0.1/armtools/bin/../lib/gcc/arm-atollic-eabi/6.3.1/../../../../arm-atollic-eabi/lib/armv6-m\libc_nano.a(lib_a-puts.o) (__swbuf_r)
c:/program files (x86)/atollic/truestudio for stm32 9.0.1/armtools/bin/../lib/gcc/arm-atollic-eabi/6.3.1/../../../../arm-atollic-eabi/lib/armv6-m\libc_nano.a(lib_a-wsetup.o)
                              c:/program files (x86)/atollic/truestudio for stm32 9.0.1/armtools/bin/../lib/gcc/arm-atollic-eabi/6.3.1/../../../../arm-atollic-eabi/lib/armv6-m\libc_nano.a(lib_a-puts.o) (__swsetup_r)
c:/program files (x86)/atollic/truestudio for stm32 9.0.1/armtools/bin/../lib/gcc/arm-atollic-eabi/6.3.1/../../../../arm-atollic-eabi/lib/armv6-m\libc_nano.a(lib_a-fflush.o)
                              c:/program files (x86)/atollic/truestudio for stm32 9.0.1/armtools/bin/../lib/gcc/arm-atollic-eabi/6.3.1/../../../../arm-atollic-eabi/lib/armv6-m\libc_nano.a(lib_a-wbuf.o) (_fflush_r)
c:/program files (x86)/atollic/truestudio for stm32 9.0.1/armtools/bin/../lib/gcc/arm-atollic-eabi/6.3.1/../../../../arm-atollic-eabi/lib/armv6-m\libc_nano.a(lib_a-findfp.o)
                              c:/program files (x86)/atollic/truestudio for stm32 9.0.1/armtools/bin/../lib/gcc/arm-atollic-eabi/6.3.1/../../../../arm-atollic-eabi/lib/armv6-m\libc_nano.a(lib_a-printf.o) (__sinit)
c:/program files (x86)/atollic/truestudio for stm32 9.0.1/armtools/bin/../lib/gcc/arm-atollic-eabi/6.3.1/../../../../arm-atollic-eabi/lib/armv6-m\libc_nano.a(lib_a-fwalk.o)
                              c:/program files (x86)/atollic/truestudio for stm32 9.0.1/armtools/bin/../lib/gcc/arm-atollic-eabi/6.3.1/../../../../arm-atollic-eabi/lib/armv6-m\libc_nano.a(lib_a-findfp.o) (_fwalk)
c:/program files (x86)/atollic/truestudio for stm32 9.0.1/armtools/bin/../lib/gcc/arm-atollic-eabi/6.3.1/../../../../arm-atollic-eabi/lib/armv6-m\libc_nano.a(lib_a-impure.o)
[...]
Memory Configuration

Name             Origin             Length             Attributes
RAM              0x20000000         0x00002000         xrw
FLASH            0x08000000         0x00010000         xr
*default*        0x00000000         0xffffffff

Linker script and memory map

LOAD c:/program files (x86)/atollic/truestudio for stm32 9.0.1/armtools/bin/../lib/gcc/arm-atollic-eabi/6.3.1/armv6-m/crti.o
LOAD c:/program files (x86)/atollic/truestudio for stm32 9.0.1/armtools/bin/../lib/gcc/arm-atollic-eabi/6.3.1/armv6-m/crtbegin.o
LOAD Drivers\STM32L0xx_HAL_Driver\Src\stm32l0xx_hal.o
LOAD Drivers\STM32L0xx_HAL_Driver\Src\stm32l0xx_hal_cortex.o
LOAD Drivers\STM32L0xx_HAL_Driver\Src\stm32l0xx_hal_dma.o
LOAD Drivers\STM32L0xx_HAL_Driver\Src\stm32l0xx_hal_flash.o
LOAD Drivers\STM32L0xx_HAL_Driver\Src\stm32l0xx_hal_flash_ex.o
LOAD Drivers\STM32L0xx_HAL_Driver\Src\stm32l0xx_hal_flash_ramfunc.o
LOAD Drivers\STM32L0xx_HAL_Driver\Src\stm32l0xx_hal_gpio.o
LOAD Drivers\STM32L0xx_HAL_Driver\Src\stm32l0xx_hal_i2c.o
LOAD Drivers\STM32L0xx_HAL_Driver\Src\stm32l0xx_hal_i2c_ex.o
LOAD Drivers\STM32L0xx_HAL_Driver\Src\stm32l0xx_hal_i2s.o
LOAD Drivers\STM32L0xx_HAL_Driver\Src\stm32l0xx_hal_pwr.o
LOAD Drivers\STM32L0xx_HAL_Driver\Src\stm32l0xx_hal_pwr_ex.o
LOAD Drivers\STM32L0xx_HAL_Driver\Src\stm32l0xx_hal_rcc.o
LOAD Drivers\STM32L0xx_HAL_Driver\Src\stm32l0xx_hal_rcc_ex.o
LOAD Drivers\STM32L0xx_HAL_Driver\Src\stm32l0xx_hal_spi.o
LOAD Drivers\STM32L0xx_HAL_Driver\Src\stm32l0xx_hal_tim.o
LOAD Drivers\STM32L0xx_HAL_Driver\Src\stm32l0xx_hal_tim_ex.o
LOAD Middlewares\Third_Party\FatFs\src\ccsbcs.o
LOAD Middlewares\Third_Party\FatFs\src\diskio.o
LOAD Middlewares\Third_Party\FatFs\src\fat_sd_spi.o
LOAD Middlewares\Third_Party\FatFs\src\ff.o
LOAD Middlewares\Third_Party\FatFs\src\syscall.o
LOAD Middlewares\Third_Party\FatFs\src\unicode.o
LOAD Src\dma.o
LOAD Src\dotstar.o
LOAD Src\gpio.o
LOAD Src\i2c.o
LOAD Src\i2s.o
LOAD Src\lis3dh.o
LOAD Src\main.o
LOAD Src\ring_effects.o
LOAD Src\spi.o
LOAD Src\stm32l0xx_hal_msp.o
LOAD Src\stm32l0xx_it.o
LOAD Src\system_stm32l0xx.o
LOAD startup\startup_stm32l052xx.o
                0x00001000                malloc_getpagesize_P = 0x1000
START GROUP
LOAD c:/program files (x86)/atollic/truestudio for stm32 9.0.1/armtools/bin/../lib/gcc/arm-atollic-eabi/6.3.1/../../../../arm-atollic-eabi/lib/armv6-m\libstdc++_nano.a
LOAD c:/program files (x86)/atollic/truestudio for stm32 9.0.1/armtools/bin/../lib/gcc/arm-atollic-eabi/6.3.1/../../../../arm-atollic-eabi/lib/armv6-m\libsupc++_nano.a
END GROUP
LOAD c:/program files (x86)/atollic/truestudio for stm32 9.0.1/armtools/bin/../lib/gcc/arm-atollic-eabi/6.3.1/../../../../arm-atollic-eabi/lib/armv6-m\libstdc++_nano.a
LOAD c:/program files (x86)/atollic/truestudio for stm32 9.0.1/armtools/bin/../lib/gcc/arm-atollic-eabi/6.3.1/../../../../arm-atollic-eabi/lib/armv6-m\libm.a
LOAD c:/program files (x86)/atollic/truestudio for stm32 9.0.1/armtools/bin/../lib/gcc/arm-atollic-eabi/6.3.1/../../../../arm-atollic-eabi/lib/armv6-m\libc_nano.a
START GROUP
LOAD c:/program files (x86)/atollic/truestudio for stm32 9.0.1/armtools/bin/../lib/gcc/arm-atollic-eabi/6.3.1/armv6-m\libgcc.a
LOAD c:/program files (x86)/atollic/truestudio for stm32 9.0.1/armtools/bin/../lib/gcc/arm-atollic-eabi/6.3.1/../../../../arm-atollic-eabi/lib/armv6-m\libc_nano.a
END GROUP
START GROUP
LOAD c:/program files (x86)/atollic/truestudio for stm32 9.0.1/armtools/bin/../lib/gcc/arm-atollic-eabi/6.3.1/armv6-m\libgcc.a
LOAD c:/program files (x86)/atollic/truestudio for stm32 9.0.1/armtools/bin/../lib/gcc/arm-atollic-eabi/6.3.1/../../../../arm-atollic-eabi/lib/armv6-m\libc_nano.a
LOAD c:/program files (x86)/atollic/truestudio for stm32 9.0.1/armtools/bin/../lib/gcc/arm-atollic-eabi/6.3.1/../../../../arm-atollic-eabi/lib/armv6-m\libnosys.a
END GROUP
START GROUP
LOAD c:/program files (x86)/atollic/truestudio for stm32 9.0.1/armtools/bin/../lib/gcc/arm-atollic-eabi/6.3.1/armv6-m\libgcc.a
LOAD c:/program files (x86)/atollic/truestudio for stm32 9.0.1/armtools/bin/../lib/gcc/arm-atollic-eabi/6.3.1/../../../../arm-atollic-eabi/lib/armv6-m\libc_nano.a
LOAD c:/program files (x86)/atollic/truestudio for stm32 9.0.1/armtools/bin/../lib/gcc/arm-atollic-eabi/6.3.1/../../../../arm-atollic-eabi/lib/armv6-m\libnosys.a
END GROUP
LOAD c:/program files (x86)/atollic/truestudio for stm32 9.0.1/armtools/bin/../lib/gcc/arm-atollic-eabi/6.3.1/armv6-m/crtend.o
LOAD c:/program files (x86)/atollic/truestudio for stm32 9.0.1/armtools/bin/../lib/gcc/arm-atollic-eabi/6.3.1/armv6-m/crtn.o
                0x20002000                _estack = 0x20002000
                0x00000200                _Min_Heap_Size = 0x200
                0x00000400                _Min_Stack_Size = 0x400

.isr_vector     0x08000000       0xc0
                0x08000000                . = ALIGN (0x4)
 *(.isr_vector)
 .isr_vector    0x08000000       0xc0 startup\startup_stm32l052xx.o
                0x08000000                g_pfnVectors
                0x080000c0                . = ALIGN (0x4)

.text           0x080000c0     0x4058
                0x080000c0                . = ALIGN (0x4)
 *(.text)
 .text          0x080000c0       0x48 c:/program files (x86)/atollic/truestudio for stm32 9.0.1/armtools/bin/../lib/gcc/arm-atollic-eabi/6.3.1/armv6-m/crtbegin.o
 .text          0x08000108      0x114 c:/program files (x86)/atollic/truestudio for stm32 9.0.1/armtools/bin/../lib/gcc/arm-atollic-eabi/6.3.1/armv6-m\libgcc.a(_udivsi3.o)
                0x08000108                __aeabi_uidiv
                0x08000108                __udivsi3
                0x08000214                __aeabi_uidivmod
 .text          0x0800021c      0x1d4 c:/program files (x86)/atollic/truestudio for stm32 9.0.1/armtools/bin/../lib/gcc/arm-atollic-eabi/6.3.1/armv6-m\libgcc.a(_divsi3.o)
                0x0800021c                __divsi3
                0x0800021c                __aeabi_idiv
                0x080003e8                __aeabi_idivmod
 .text          0x080003f0        0x4 c:/program files (x86)/atollic/truestudio for stm32 9.0.1/armtools/bin/../lib/gcc/arm-atollic-eabi/6.3.1/armv6-m\libgcc.a(_dvmd_tls.o)
                0x080003f0                __aeabi_idiv0
                0x080003f0                __aeabi_ldiv0
 *(.text*)
 .text.HAL_InitTick
                0x080003f4       0x28 Drivers\STM32L0xx_HAL_Driver\Src\stm32l0xx_hal.o
                0x080003f4                HAL_InitTick
 .text.HAL_Init
                0x0800041c       0x20 Drivers\STM32L0xx_HAL_Driver\Src\stm32l0xx_hal.o
                0x0800041c                HAL_Init
 .text.HAL_IncTick
                0x0800043c       0x10 Drivers\STM32L0xx_HAL_Driver\Src\stm32l0xx_hal.o
                0x0800043c                HAL_IncTick
 .text.HAL_GetTick
                0x0800044c        0xc Drivers\STM32L0xx_HAL_Driver\Src\stm32l0xx_hal.o
                0x0800044c                HAL_GetTick
 .text.HAL_Delay
                0x08000458       0x18 Drivers\STM32L0xx_HAL_Driver\Src\stm32l0xx_hal.o
                0x08000458                HAL_Delay
 .text.HAL_NVIC_SetPriority
                0x08000470       0x60 Drivers\STM32L0xx_HAL_Driver\Src\stm32l0xx_hal_cortex.o
                0x08000470                HAL_NVIC_SetPriority
 .text.HAL_NVIC_EnableIRQ
                0x080004d0       0x14 Drivers\STM32L0xx_HAL_Driver\Src\stm32l0xx_hal_cortex.o
                0x080004d0                HAL_NVIC_EnableIRQ
 .text.HAL_SYSTICK_Config
                0x080004e4       0x34 Drivers\STM32L0xx_HAL_Driver\Src\stm32l0xx_hal_cortex.o
                0x080004e4                HAL_SYSTICK_Config
 .text.HAL_SYSTICK_CLKSourceConfig
                0x08000518       0x1c Drivers\STM32L0xx_HAL_Driver\Src\stm32l0xx_hal_cortex.o
                0x08000518                HAL_SYSTICK_CLKSourceConfig
 .text.HAL_SYSTICK_Callback
                0x08000534        0x2 Drivers\STM32L0xx_HAL_Driver\Src\stm32l0xx_hal_cortex.o
                0x08000534                HAL_SYSTICK_Callback
 .text.HAL_SYSTICK_IRQHandler
                0x08000536        0x8 Drivers\STM32L0xx_HAL_Driver\Src\stm32l0xx_hal_cortex.o
                0x08000536                HAL_SYSTICK_IRQHandler
 *fill*         0x0800053e        0x2 
 .text.HAL_DMA_Init
                0x08000540      0x12c Drivers\STM32L0xx_HAL_Driver\Src\stm32l0xx_hal_dma.o
                0x08000540                HAL_DMA_Init
 .text.HAL_DMA_Start_IT
                0x0800066c       0x56 Drivers\STM32L0xx_HAL_Driver\Src\stm32l0xx_hal_dma.o
                0x0800066c                HAL_DMA_Start_IT
 *fill*         0x080006c2        0x2 
 .text.HAL_DMA_IRQHandler
                0x080006c4      0x190 Drivers\STM32L0xx_HAL_Driver\Src\stm32l0xx_hal_dma.o
                0x080006c4                HAL_DMA_IRQHandler
 .text.HAL_GPIO_Init
                0x08000854      0x16c Drivers\STM32L0xx_HAL_Driver\Src\stm32l0xx_hal_gpio.o
                0x08000854                HAL_GPIO_Init
 .text.HAL_GPIO_ReadPin
                0x080009c0        0xc Drivers\STM32L0xx_HAL_Driver\Src\stm32l0xx_hal_gpio.o
                0x080009c0                HAL_GPIO_ReadPin
 .text.HAL_GPIO_WritePin
                0x080009cc        0xc Drivers\STM32L0xx_HAL_Driver\Src\stm32l0xx_hal_gpio.o
                0x080009cc                HAL_GPIO_WritePin
 .text.HAL_GPIO_TogglePin
                0x080009d8        0x8 Drivers\STM32L0xx_HAL_Driver\Src\stm32l0xx_hal_gpio.o
                0x080009d8                HAL_GPIO_TogglePin
 .text.HAL_I2C_Init
                0x080009e0       0xac Drivers\STM32L0xx_HAL_Driver\Src\stm32l0xx_hal_i2c.o
                0x080009e0                HAL_I2C_Init
 .text.HAL_I2CEx_ConfigAnalogFilter
                0x08000a8c       0x4c Drivers\STM32L0xx_HAL_Driver\Src\stm32l0xx_hal_i2c_ex.o
                0x08000a8c                HAL_I2CEx_ConfigAnalogFilter
 .text.HAL_I2CEx_ConfigDigitalFilter
                0x08000ad8       0x48 Drivers\STM32L0xx_HAL_Driver\Src\stm32l0xx_hal_i2c_ex.o
                0x08000ad8                HAL_I2CEx_ConfigDigitalFilter
 .text.HAL_I2S_Init
                0x08000b20       0xb0 Drivers\STM32L0xx_HAL_Driver\Src\stm32l0xx_hal_i2s.o
                0x08000b20                HAL_I2S_Init
 .text.HAL_I2S_Transmit_DMA
                0x08000bd0       0xa0 Drivers\STM32L0xx_HAL_Driver\Src\stm32l0xx_hal_i2s.o
                0x08000bd0                HAL_I2S_Transmit_DMA
 .text.HAL_I2S_TxHalfCpltCallback
                0x08000c70        0x2 Drivers\STM32L0xx_HAL_Driver\Src\stm32l0xx_hal_i2s.o
                0x08000c70                HAL_I2S_TxHalfCpltCallback
 .text.I2S_DMATxHalfCplt
                0x08000c72        0xa Drivers\STM32L0xx_HAL_Driver\Src\stm32l0xx_hal_i2s.o
 .text.HAL_I2S_TxCpltCallback
                0x08000c7c        0x2 Drivers\STM32L0xx_HAL_Driver\Src\stm32l0xx_hal_i2s.o
                0x08000c7c                HAL_I2S_TxCpltCallback
 .text.I2S_DMATxCplt
                0x08000c7e       0x2a Drivers\STM32L0xx_HAL_Driver\Src\stm32l0xx_hal_i2s.o
 .text.HAL_I2S_ErrorCallback
                0x08000ca8        0x2 Drivers\STM32L0xx_HAL_Driver\Src\stm32l0xx_hal_i2s.o
                0x08000ca8                HAL_I2S_ErrorCallback
 .text.I2S_DMAError
                0x08000caa       0x2a Drivers\STM32L0xx_HAL_Driver\Src\stm32l0xx_hal_i2s.o
 .text.RCC_SetFlashLatencyFromMSIRange
                0x08000cd4       0x74 Drivers\STM32L0xx_HAL_Driver\Src\stm32l0xx_hal_rcc.o
 .text.HAL_RCC_OscConfig
                0x08000d48      0x4e0 Drivers\STM32L0xx_HAL_Driver\Src\stm32l0xx_hal_rcc.o
                0x08000d48                HAL_RCC_OscConfig
 .text.HAL_RCC_GetSysClockFreq
                0x08001228       0x78 Drivers\STM32L0xx_HAL_Driver\Src\stm32l0xx_hal_rcc.o
                0x08001228                HAL_RCC_GetSysClockFreq
 .text.HAL_RCC_ClockConfig
                0x080012a0      0x170 Drivers\STM32L0xx_HAL_Driver\Src\stm32l0xx_hal_rcc.o
                0x080012a0                HAL_RCC_ClockConfig
 .text.HAL_RCC_GetHCLKFreq
                0x08001410        0xc Drivers\STM32L0xx_HAL_Driver\Src\stm32l0xx_hal_rcc.o
                0x08001410                HAL_RCC_GetHCLKFreq
 .text.HAL_RCCEx_PeriphCLKConfig
                0x0800141c      0x1a4 Drivers\STM32L0xx_HAL_Driver\Src\stm32l0xx_hal_rcc_ex.o
                0x0800141c                HAL_RCCEx_PeriphCLKConfig
 .text.SPI_WaitOnFlagUntilTimeout
                0x080015c0       0x94 Drivers\STM32L0xx_HAL_Driver\Src\stm32l0xx_hal_spi.o
 .text.HAL_SPI_Init
                0x08001654       0x80 Drivers\STM32L0xx_HAL_Driver\Src\stm32l0xx_hal_spi.o
                0x08001654                HAL_SPI_Init
 .text.HAL_SPI_TransmitReceive
                0x080016d4      0x2f0 Drivers\STM32L0xx_HAL_Driver\Src\stm32l0xx_hal_spi.o
                0x080016d4                HAL_SPI_TransmitReceive
 .text.disk_status
                0x080019c4       0x10 Middlewares\Third_Party\FatFs\src\diskio.o
                0x080019c4                disk_status
 .text.disk_initialize
                0x080019d4       0x14 Middlewares\Third_Party\FatFs\src\diskio.o
                0x080019d4                disk_initialize
 .text.disk_read
                0x080019e8       0x30 Middlewares\Third_Party\FatFs\src\diskio.o
                0x080019e8                disk_read
 .text.disk_write
                0x08001a18       0x30 Middlewares\Third_Party\FatFs\src\diskio.o
                0x08001a18                disk_write
 .text.crc7_one
                0x08001a48       0x1e Middlewares\Third_Party\FatFs\src\fat_sd_spi.o
 *fill*         0x08001a66        0x2 
 .text.print_r1
                0x08001a68       0x38 Middlewares\Third_Party\FatFs\src\fat_sd_spi.o
 .text.spi_txrx
                0x08001aa0       0x2c Middlewares\Third_Party\FatFs\src\fat_sd_spi.o
 .text.sd_cmd   0x08001acc       0x70 Middlewares\Third_Party\FatFs\src\fat_sd_spi.o
 .text.sd_get_r1
                0x08001b3c       0x1c Middlewares\Third_Party\FatFs\src\fat_sd_spi.o
 .text.sd_nec   0x08001b58       0x12 Middlewares\Third_Party\FatFs\src\fat_sd_spi.o
 .text.sd_get_r7
                0x08001b6a       0x3a Middlewares\Third_Party\FatFs\src\fat_sd_spi.o
 .text.sd_read_status.isra.2
                0x08001ba4       0x88 Middlewares\Third_Party\FatFs\src\fat_sd_spi.o
 .text.sd_init.isra.1
                0x08001c2c      0x41c Middlewares\Third_Party\FatFs\src\fat_sd_spi.o
 .text.crc16    0x08002048       0x34 Middlewares\Third_Party\FatFs\src\fat_sd_spi.o
                0x08002048                crc16
 .text.sd_get_data.isra.3
                0x0800207c       0x70 Middlewares\Third_Party\FatFs\src\fat_sd_spi.o
 .text.sd_readsector.isra.5
                0x080020ec       0xa4 Middlewares\Third_Party\FatFs\src\fat_sd_spi.o
 .text.sd_writesector.isra.7
                0x08002190      0x114 Middlewares\Third_Party\FatFs\src\fat_sd_spi.o
 .text.hwif_init
                0x080022a4      0x410 Middlewares\Third_Party\FatFs\src\fat_sd_spi.o
                0x080022a4                hwif_init
 .text.sd_read  0x080026b4       0x50 Middlewares\Third_Party\FatFs\src\fat_sd_spi.o
                0x080026b4                sd_read
 .text.sd_write
                0x08002704       0x50 Middlewares\Third_Party\FatFs\src\fat_sd_spi.o
                0x08002704                sd_write
 .text.get_ldnumber
                0x08002754       0x2c Middlewares\Third_Party\FatFs\src\ff.o
 .text.sync_window.part.1
                0x08002780       0x48 Middlewares\Third_Party\FatFs\src\ff.o
 .text.sync_window
                0x080027c8       0x14 Middlewares\Third_Party\FatFs\src\ff.o
 .text.move_window
                0x080027dc       0x34 Middlewares\Third_Party\FatFs\src\ff.o
 .text.check_fs
                0x08002810       0x78 Middlewares\Third_Party\FatFs\src\ff.o
 .text.find_volume
                0x08002888      0x288 Middlewares\Third_Party\FatFs\src\ff.o
 .text.f_mount  0x08002b10       0x50 Middlewares\Third_Party\FatFs\src\ff.o
                0x08002b10                f_mount
 .text.MX_DMA_Init
                0x08002b60       0x2c Src\dma.o
                0x08002b60                MX_DMA_Init
 .text.MX_GPIO_Init
                0x08002b8c       0xfc Src\gpio.o
                0x08002b8c                MX_GPIO_Init
 .text.MX_I2C1_Init
                0x08002c88       0x6c Src\i2c.o
                0x08002c88                MX_I2C1_Init
 .text.HAL_I2C_MspInit
                0x08002cf4       0x44 Src\i2c.o
                0x08002cf4                HAL_I2C_MspInit
 .text.MX_I2S2_Init
                0x08002d38       0x40 Src\i2s.o
                0x08002d38                MX_I2S2_Init
 .text.HAL_I2S_MspInit
                0x08002d78       0x88 Src\i2s.o
                0x08002d78                HAL_I2S_MspInit
 .text.SystemClock_Config
                0x08002e00       0x88 Src\main.o
                0x08002e00                SystemClock_Config
 .text.startup.main
                0x08002e88       0x98 Src\main.o
                0x08002e88                main
 .text._Error_Handler
                0x08002f20        0x2 Src\main.o
                0x08002f20                _Error_Handler
 *fill*         0x08002f22        0x2 
 .text.MX_SPI1_Init
                0x08002f24       0x4c Src\spi.o
                0x08002f24                MX_SPI1_Init
 .text.HAL_SPI_MspInit
                0x08002f70       0x58 Src\spi.o
                0x08002f70                HAL_SPI_MspInit
 .text.HAL_MspInit
                0x08002fc8       0x40 Src\stm32l0xx_hal_msp.o
                0x08002fc8                HAL_MspInit
 .text.NMI_Handler
                0x08003008        0x2 Src\stm32l0xx_it.o
                0x08003008                NMI_Handler
 .text.HardFault_Handler
                0x0800300a        0x2 Src\stm32l0xx_it.o
                0x0800300a                HardFault_Handler
 .text.SVC_Handler
                0x0800300c        0x2 Src\stm32l0xx_it.o
                0x0800300c                SVC_Handler
 .text.PendSV_Handler
                0x0800300e        0x2 Src\stm32l0xx_it.o
                0x0800300e                PendSV_Handler
 .text.SysTick_Handler
                0x08003010        0xc Src\stm32l0xx_it.o
                0x08003010                SysTick_Handler
 .text.DMA1_Channel4_5_6_7_IRQHandler
                0x0800301c       0x10 Src\stm32l0xx_it.o
                0x0800301c                DMA1_Channel4_5_6_7_IRQHandler
 .text.SystemInit
                0x0800302c       0x5c Src\system_stm32l0xx.o
                0x0800302c                SystemInit
 .text.Reset_Handler
                0x08003088       0x50 startup\startup_stm32l052xx.o
                0x08003088                Reset_Handler
 .text.Default_Handler
                0x080030d8        0x2 startup\startup_stm32l052xx.o
                0x080030d8                TSC_IRQHandler
                0x080030d8                ADC1_COMP_IRQHandler
                0x080030d8                PVD_IRQHandler
                0x080030d8                I2C1_IRQHandler
                0x080030d8                RCC_CRS_IRQHandler
                0x080030d8                SPI1_IRQHandler
                0x080030d8                TIM6_DAC_IRQHandler
                0x080030d8                EXTI2_3_IRQHandler
                0x080030d8                I2C2_IRQHandler
                0x080030d8                RTC_IRQHandler
                0x080030d8                EXTI4_15_IRQHandler
                0x080030d8                DMA1_Channel1_IRQHandler
                0x080030d8                Default_Handler
                0x080030d8                TIM22_IRQHandler
                0x080030d8                EXTI0_1_IRQHandler
                0x080030d8                USB_IRQHandler
                0x080030d8                SPI2_IRQHandler
                0x080030d8                TIM21_IRQHandler
                0x080030d8                WWDG_IRQHandler
                0x080030d8                TIM2_IRQHandler
                0x080030d8                DMA1_Channel2_3_IRQHandler
                0x080030d8                USART2_IRQHandler
                0x080030d8                FLASH_IRQHandler
                0x080030d8                USART1_IRQHandler
                0x080030d8                RNG_LPUART1_IRQHandler
                0x080030d8                LPTIM1_IRQHandler
 *fill*         0x080030da        0x2 
 .text.__libc_init_array
                0x080030dc       0x48 c:/program files (x86)/atollic/truestudio for stm32 9.0.1/armtools/bin/../lib/gcc/arm-atollic-eabi/6.3.1/../../../../arm-atollic-eabi/lib/armv6-m\libc_nano.a(lib_a-init.o)
                0x080030dc                __libc_init_array
 .text.memcpy   0x08003124       0x12 c:/program files (x86)/atollic/truestudio for stm32 9.0.1/armtools/bin/../lib/gcc/arm-atollic-eabi/6.3.1/../../../../arm-atollic-eabi/lib/armv6-m\libc_nano.a(lib_a-memcpy-stub.o)
                0x08003124                memcpy
 .text.memset   0x08003136       0x10 c:/program files (x86)/atollic/truestudio for stm32 9.0.1/armtools/bin/../lib/gcc/arm-atollic-eabi/6.3.1/../../../../arm-atollic-eabi/lib/armv6-m\libc_nano.a(lib_a-memset.o)
                0x08003136                memset
 *fill*         0x08003146        0x2 
 .text._free_r  0x08003148       0x94 c:/program files (x86)/atollic/truestudio for stm32 9.0.1/armtools/bin/../lib/gcc/arm-atollic-eabi/6.3.1/../../../../arm-atollic-eabi/lib/armv6-m\libc_nano.a(lib_a-nano-freer.o)
                0x08003148                _free_r
 .text._malloc_r
                0x080031dc       0xbc c:/program files (x86)/atollic/truestudio for stm32 9.0.1/armtools/bin/../lib/gcc/arm-atollic-eabi/6.3.1/../../../../arm-atollic-eabi/lib/armv6-m\libc_nano.a(lib_a-nano-mallocr.o)
                0x080031dc                _malloc_r
 .text.printf   0x08003298       0x34 c:/program files (x86)/atollic/truestudio for stm32 9.0.1/armtools/bin/../lib/gcc/arm-atollic-eabi/6.3.1/../../../../arm-atollic-eabi/lib/armv6-m\libc_nano.a(lib_a-printf.o)
                0x08003298                iprintf
                0x08003298                printf
 .text._puts_r  0x080032cc       0xc0 c:/program files (x86)/atollic/truestudio for stm32 9.0.1/armtools/bin/../lib/gcc/arm-atollic-eabi/6.3.1/../../../../arm-atollic-eabi/lib/armv6-m\libc_nano.a(lib_a-puts.o)
                0x080032cc                _puts_r
 .text.puts     0x0800338c       0x14 c:/program files (x86)/atollic/truestudio for stm32 9.0.1/armtools/bin/../lib/gcc/arm-atollic-eabi/6.3.1/../../../../arm-atollic-eabi/lib/armv6-m\libc_nano.a(lib_a-puts.o)
                0x0800338c                puts
 .text._sbrk_r  0x080033a0       0x24 c:/program files (x86)/atollic/truestudio for stm32 9.0.1/armtools/bin/../lib/gcc/arm-atollic-eabi/6.3.1/../../../../arm-atollic-eabi/lib/armv6-m\libc_nano.a(lib_a-sbrkr.o)
                0x080033a0                _sbrk_r
 .text.__swbuf_r
                0x080033c4       0xac c:/program files (x86)/atollic/truestudio for stm32 9.0.1/armtools/bin/../lib/gcc/arm-atollic-eabi/6.3.1/../../../../arm-atollic-eabi/lib/armv6-m\libc_nano.a(lib_a-wbuf.o)
                0x080033c4                __swbuf_r
 .text.__swsetup_r
                0x08003470       0xec c:/program files (x86)/atollic/truestudio for stm32 9.0.1/armtools/bin/../lib/gcc/arm-atollic-eabi/6.3.1/../../../../arm-atollic-eabi/lib/armv6-m\libc_nano.a(lib_a-wsetup.o)
                0x08003470                __swsetup_r
 .text.__sflush_r
                0x0800355c      0x114 c:/program files (x86)/atollic/truestudio for stm32 9.0.1/armtools/bin/../lib/gcc/arm-atollic-eabi/6.3.1/../../../../arm-atollic-eabi/lib/armv6-m\libc_nano.a(lib_a-fflush.o)
                0x0800355c                __sflush_r
 .text._fflush_r
                0x08003670       0x58 c:/program files (x86)/atollic/truestudio for stm32 9.0.1/armtools/bin/../lib/gcc/arm-atollic-eabi/6.3.1/../../../../arm-atollic-eabi/lib/armv6-m\libc_nano.a(lib_a-fflush.o)
                0x08003670                _fflush_r
 .text._cleanup_r
                0x080036c8       0x10 c:/program files (x86)/atollic/truestudio for stm32 9.0.1/armtools/bin/../lib/gcc/arm-atollic-eabi/6.3.1/../../../../arm-atollic-eabi/lib/armv6-m\libc_nano.a(lib_a-findfp.o)
                0x080036c8                _cleanup_r
 .text.std.isra.0
                0x080036d8       0x48 c:/program files (x86)/atollic/truestudio for stm32 9.0.1/armtools/bin/../lib/gcc/arm-atollic-eabi/6.3.1/../../../../arm-atollic-eabi/lib/armv6-m\libc_nano.a(lib_a-findfp.o)
 .text.__sfmoreglue
                0x08003720       0x2c c:/program files (x86)/atollic/truestudio for stm32 9.0.1/armtools/bin/../lib/gcc/arm-atollic-eabi/6.3.1/../../../../arm-atollic-eabi/lib/armv6-m\libc_nano.a(lib_a-findfp.o)
                0x08003720                __sfmoreglue
 .text.__sinit  0x0800374c       0x68 c:/program files (x86)/atollic/truestudio for stm32 9.0.1/armtools/bin/../lib/gcc/arm-atollic-eabi/6.3.1/../../../../arm-atollic-eabi/lib/armv6-m\libc_nano.a(lib_a-findfp.o)
                0x0800374c                __sinit
 .text.__sfp    0x080037b4       0x80 c:/program files (x86)/atollic/truestudio for stm32 9.0.1/armtools/bin/../lib/gcc/arm-atollic-eabi/6.3.1/../../../../arm-atollic-eabi/lib/armv6-m\libc_nano.a(lib_a-findfp.o)
                0x080037b4                __sfp
 .text._fwalk_reent
                0x08003834       0x42 c:/program files (x86)/atollic/truestudio for stm32 9.0.1/armtools/bin/../lib/gcc/arm-atollic-eabi/6.3.1/../../../../arm-atollic-eabi/lib/armv6-m\libc_nano.a(lib_a-fwalk.o)
                0x08003834                _fwalk_reent
 *fill*         0x08003876        0x2 
 .text.__swhatbuf_r
                0x08003878       0x50 c:/program files (x86)/atollic/truestudio for stm32 9.0.1/armtools/bin/../lib/gcc/arm-atollic-eabi/6.3.1/../../../../arm-atollic-eabi/lib/armv6-m\libc_nano.a(lib_a-makebuf.o)
                0x08003878                __swhatbuf_r
 .text.__smakebuf_r
                0x080038c8       0x88 c:/program files (x86)/atollic/truestudio for stm32 9.0.1/armtools/bin/../lib/gcc/arm-atollic-eabi/6.3.1/../../../../arm-atollic-eabi/lib/armv6-m\libc_nano.a(lib_a-makebuf.o)
                0x080038c8                __smakebuf_r
 .text.__malloc_lock
                0x08003950        0x2 c:/program files (x86)/atollic/truestudio for stm32 9.0.1/armtools/bin/../lib/gcc/arm-atollic-eabi/6.3.1/../../../../arm-atollic-eabi/lib/armv6-m\libc_nano.a(lib_a-mlock.o)
                0x08003950                __malloc_lock
 .text.__malloc_unlock
                0x08003952        0x2 c:/program files (x86)/atollic/truestudio for stm32 9.0.1/armtools/bin/../lib/gcc/arm-atollic-eabi/6.3.1/../../../../arm-atollic-eabi/lib/armv6-m\libc_nano.a(lib_a-mlock.o)
                0x08003952                __malloc_unlock
 .text.__sfputc_r
                0x08003954       0x2a c:/program files (x86)/atollic/truestudio for stm32 9.0.1/armtools/bin/../lib/gcc/arm-atollic-eabi/6.3.1/../../../../arm-atollic-eabi/lib/armv6-m\libc_nano.a(lib_a-nano-vfprintf.o)
 .text.__sfputs_r
                0x0800397e       0x24 c:/program files (x86)/atollic/truestudio for stm32 9.0.1/armtools/bin/../lib/gcc/arm-atollic-eabi/6.3.1/../../../../arm-atollic-eabi/lib/armv6-m\libc_nano.a(lib_a-nano-vfprintf.o)
                0x0800397e                __sfputs_r
 *fill*         0x080039a2        0x2 
 .text._vfprintf_r
                0x080039a4      0x238 c:/program files (x86)/atollic/truestudio for stm32 9.0.1/armtools/bin/../lib/gcc/arm-atollic-eabi/6.3.1/../../../../arm-atollic-eabi/lib/armv6-m\libc_nano.a(lib_a-nano-vfprintf.o)
                0x080039a4                _vfprintf_r
                0x080039a4                _vfiprintf_r
 .text._printf_common
                0x08003bdc       0xda c:/program files (x86)/atollic/truestudio for stm32 9.0.1/armtools/bin/../lib/gcc/arm-atollic-eabi/6.3.1/../../../../arm-atollic-eabi/lib/armv6-m\libc_nano.a(lib_a-nano-vfprintf_i.o)
                0x08003bdc                _printf_common
 *fill*         0x08003cb6        0x2 
 .text._printf_i
                0x08003cb8      0x234 c:/program files (x86)/atollic/truestudio for stm32 9.0.1/armtools/bin/../lib/gcc/arm-atollic-eabi/6.3.1/../../../../arm-atollic-eabi/lib/armv6-m\libc_nano.a(lib_a-nano-vfprintf_i.o)
                0x08003cb8                _printf_i
 .text.__sread  0x08003eec       0x28 c:/program files (x86)/atollic/truestudio for stm32 9.0.1/armtools/bin/../lib/gcc/arm-atollic-eabi/6.3.1/../../../../arm-atollic-eabi/lib/armv6-m\libc_nano.a(lib_a-stdio.o)
                0x08003eec                __sread
 .text.__swrite
                0x08003f14       0x38 c:/program files (x86)/atollic/truestudio for stm32 9.0.1/armtools/bin/../lib/gcc/arm-atollic-eabi/6.3.1/../../../../arm-atollic-eabi/lib/armv6-m\libc_nano.a(lib_a-stdio.o)
                0x08003f14                __swrite
 .text.__sseek  0x08003f4c       0x2c c:/program files (x86)/atollic/truestudio for stm32 9.0.1/armtools/bin/../lib/gcc/arm-atollic-eabi/6.3.1/../../../../arm-atollic-eabi/lib/armv6-m\libc_nano.a(lib_a-stdio.o)
                0x08003f4c                __sseek
 .text.__sclose
                0x08003f78        0xc c:/program files (x86)/atollic/truestudio for stm32 9.0.1/armtools/bin/../lib/gcc/arm-atollic-eabi/6.3.1/../../../../arm-atollic-eabi/lib/armv6-m\libc_nano.a(lib_a-stdio.o)
                0x08003f78                __sclose
 .text._write_r
                0x08003f84       0x28 c:/program files (x86)/atollic/truestudio for stm32 9.0.1/armtools/bin/../lib/gcc/arm-atollic-eabi/6.3.1/../../../../arm-atollic-eabi/lib/armv6-m\libc_nano.a(lib_a-writer.o)
                0x08003f84                _write_r
 .text._close_r
                0x08003fac       0x24 c:/program files (x86)/atollic/truestudio for stm32 9.0.1/armtools/bin/../lib/gcc/arm-atollic-eabi/6.3.1/../../../../arm-atollic-eabi/lib/armv6-m\libc_nano.a(lib_a-closer.o)
                0x08003fac                _close_r
 .text._fstat_r
                0x08003fd0       0x24 c:/program files (x86)/atollic/truestudio for stm32 9.0.1/armtools/bin/../lib/gcc/arm-atollic-eabi/6.3.1/../../../../arm-atollic-eabi/lib/armv6-m\libc_nano.a(lib_a-fstatr.o)
                0x08003fd0                _fstat_r
 .text._isatty_r
                0x08003ff4       0x24 c:/program files (x86)/atollic/truestudio for stm32 9.0.1/armtools/bin/../lib/gcc/arm-atollic-eabi/6.3.1/../../../../arm-atollic-eabi/lib/armv6-m\libc_nano.a(lib_a-isattyr.o)
                0x08003ff4                _isatty_r
 .text._lseek_r
                0x08004018       0x28 c:/program files (x86)/atollic/truestudio for stm32 9.0.1/armtools/bin/../lib/gcc/arm-atollic-eabi/6.3.1/../../../../arm-atollic-eabi/lib/armv6-m\libc_nano.a(lib_a-lseekr.o)
                0x08004018                _lseek_r
 .text.memchr   0x08004040       0x16 c:/program files (x86)/atollic/truestudio for stm32 9.0.1/armtools/bin/../lib/gcc/arm-atollic-eabi/6.3.1/../../../../arm-atollic-eabi/lib/armv6-m\libc_nano.a(lib_a-memchr-stub.o)
                0x08004040                memchr
 *fill*         0x08004056        0x2 
 .text._read_r  0x08004058       0x28 c:/program files (x86)/atollic/truestudio for stm32 9.0.1/armtools/bin/../lib/gcc/arm-atollic-eabi/6.3.1/../../../../arm-atollic-eabi/lib/armv6-m\libc_nano.a(lib_a-readr.o)
                0x08004058                _read_r
 .text._close   0x08004080       0x10 c:/program files (x86)/atollic/truestudio for stm32 9.0.1/armtools/bin/../lib/gcc/arm-atollic-eabi/6.3.1/../../../../arm-atollic-eabi/lib/armv6-m\libnosys.a(close.o)
                0x08004080                _close
 .text._fstat   0x08004090       0x10 c:/program files (x86)/atollic/truestudio for stm32 9.0.1/armtools/bin/../lib/gcc/arm-atollic-eabi/6.3.1/../../../../arm-atollic-eabi/lib/armv6-m\libnosys.a(fstat.o)
                0x08004090                _fstat
 .text._isatty  0x080040a0       0x10 c:/program files (x86)/atollic/truestudio for stm32 9.0.1/armtools/bin/../lib/gcc/arm-atollic-eabi/6.3.1/../../../../arm-atollic-eabi/lib/armv6-m\libnosys.a(isatty.o)
                0x080040a0                _isatty
 .text._lseek   0x080040b0       0x10 c:/program files (x86)/atollic/truestudio for stm32 9.0.1/armtools/bin/../lib/gcc/arm-atollic-eabi/6.3.1/../../../../arm-atollic-eabi/lib/armv6-m\libnosys.a(lseek.o)
                0x080040b0                _lseek
 .text._read    0x080040c0       0x10 c:/program files (x86)/atollic/truestudio for stm32 9.0.1/armtools/bin/../lib/gcc/arm-atollic-eabi/6.3.1/../../../../arm-atollic-eabi/lib/armv6-m\libnosys.a(read.o)
                0x080040c0                _read
 .text._sbrk    0x080040d0       0x20 c:/program files (x86)/atollic/truestudio for stm32 9.0.1/armtools/bin/../lib/gcc/arm-atollic-eabi/6.3.1/../../../../arm-atollic-eabi/lib/armv6-m\libnosys.a(sbrk.o)
                0x080040d0                _sbrk
 .text._write   0x080040f0       0x10 c:/program files (x86)/atollic/truestudio for stm32 9.0.1/armtools/bin/../lib/gcc/arm-atollic-eabi/6.3.1/../../../../arm-atollic-eabi/lib/armv6-m\libnosys.a(write.o)
                0x080040f0                _write
 *(.glue_7)
 .glue_7        0x08004100        0x0 linker stubs
 *(.glue_7t)
 .glue_7t       0x08004100        0x0 linker stubs
 *(.eh_frame)
 .eh_frame      0x08004100        0x0 c:/program files (x86)/atollic/truestudio for stm32 9.0.1/armtools/bin/../lib/gcc/arm-atollic-eabi/6.3.1/armv6-m/crtbegin.o
 *(.init)
 .init          0x08004100        0x4 c:/program files (x86)/atollic/truestudio for stm32 9.0.1/armtools/bin/../lib/gcc/arm-atollic-eabi/6.3.1/armv6-m/crti.o
                0x08004100                _init
 .init          0x08004104        0x8 c:/program files (x86)/atollic/truestudio for stm32 9.0.1/armtools/bin/../lib/gcc/arm-atollic-eabi/6.3.1/armv6-m/crtn.o
 *(.fini)
 .fini          0x0800410c        0x4 c:/program files (x86)/atollic/truestudio for stm32 9.0.1/armtools/bin/../lib/gcc/arm-atollic-eabi/6.3.1/armv6-m/crti.o
                0x0800410c                _fini
 .fini          0x08004110        0x8 c:/program files (x86)/atollic/truestudio for stm32 9.0.1/armtools/bin/../lib/gcc/arm-atollic-eabi/6.3.1/armv6-m/crtn.o
                0x08004118                . = ALIGN (0x4)
                0x08004118                _etext = .

.vfp11_veneer   0x08004118        0x0
 .vfp11_veneer  0x08004118        0x0 linker stubs

.v4_bx          0x08004118        0x0
 .v4_bx         0x08004118        0x0 linker stubs

.iplt           0x08004118        0x0
 .iplt          0x08004118        0x0 c:/program files (x86)/atollic/truestudio for stm32 9.0.1/armtools/bin/../lib/gcc/arm-atollic-eabi/6.3.1/armv6-m/crtbegin.o

.rodata         0x08004118      0x90c
                0x08004118                . = ALIGN (0x4)
 *(.rodata)
 .rodata        0x08004118      0x100 Src\main.o
 *(.rodata*)
 .rodata.__func__.6830
                0x08004218        0xc Middlewares\Third_Party\FatFs\src\fat_sd_spi.o
 .rodata.__func__.6856
                0x08004224        0xc Middlewares\Third_Party\FatFs\src\fat_sd_spi.o
 .rodata.__func__.6862
                0x08004230        0xc Middlewares\Third_Party\FatFs\src\fat_sd_spi.o
 .rodata.__func__.6870
                0x0800423c        0xe Middlewares\Third_Party\FatFs\src\fat_sd_spi.o
 .rodata.__func__.6878
                0x0800424a        0xf Middlewares\Third_Party\FatFs\src\fat_sd_spi.o
 .rodata.__func__.6896
                0x08004259        0x8 Middlewares\Third_Party\FatFs\src\fat_sd_spi.o
 .rodata.__func__.6907
                0x08004261        0x9 Middlewares\Third_Party\FatFs\src\fat_sd_spi.o
 .rodata.hwif_init.str1.1
                0x0800426a      0x383 Middlewares\Third_Party\FatFs\src\fat_sd_spi.o
 .rodata.print_r1.str1.1
                0x080045ed       0x10 Middlewares\Third_Party\FatFs\src\fat_sd_spi.o
 *fill*         0x080045fd        0x3 
 .rodata.r1_strings
                0x08004600       0x1c Middlewares\Third_Party\FatFs\src\fat_sd_spi.o
 .rodata.r2_strings
                0x0800461c       0x3c Middlewares\Third_Party\FatFs\src\fat_sd_spi.o
 .rodata.sd_get_data.isra.3.str1.1
                0x08004658       0x28 Middlewares\Third_Party\FatFs\src\fat_sd_spi.o
 .rodata.sd_init.isra.1.str1.1
                0x08004680      0x113 Middlewares\Third_Party\FatFs\src\fat_sd_spi.o
 .rodata.sd_read.str1.1
                0x08004793       0x1e Middlewares\Third_Party\FatFs\src\fat_sd_spi.o
 .rodata.sd_read_status.isra.2.str1.1
                0x080047b1        0xa Middlewares\Third_Party\FatFs\src\fat_sd_spi.o
 .rodata.sd_readsector.isra.5.str1.1
                0x080047bb       0x23 Middlewares\Third_Party\FatFs\src\fat_sd_spi.o
 .rodata.sd_write.str1.1
                0x080047de       0x1f Middlewares\Third_Party\FatFs\src\fat_sd_spi.o
 .rodata.sd_writesector.isra.7.str1.1
                0x080047fd       0x3e Middlewares\Third_Party\FatFs\src\fat_sd_spi.o
 .rodata.str1.1
                0x0800483b      0x110 Middlewares\Third_Party\FatFs\src\fat_sd_spi.o
                                0x116 (size before relaxing)
 .rodata.MX_I2C1_Init.str1.1
                0x0800494b        0xd Src\i2c.o
 .rodata.MX_I2S2_Init.str1.1
                0x08004958        0xd Src\i2s.o
 .rodata.main.str1.1
                0x08004965        0xd Src\main.o
                                  0x1 (size before relaxing)
 .rodata.MX_SPI1_Init.str1.1
                0x08004965        0xd Src\spi.o
 .rodata.AHBPrescTable
                0x08004972       0x10 Src\system_stm32l0xx.o
                0x08004972                AHBPrescTable
 .rodata.PLLMulTable
                0x08004982        0x9 Src\system_stm32l0xx.o
                0x08004982                PLLMulTable
 *fill*         0x0800498b        0x1 
 .rodata.__sf_fake_stderr
                0x0800498c       0x20 c:/program files (x86)/atollic/truestudio for stm32 9.0.1/armtools/bin/../lib/gcc/arm-atollic-eabi/6.3.1/../../../../arm-atollic-eabi/lib/armv6-m\libc_nano.a(lib_a-findfp.o)
                0x0800498c                __sf_fake_stderr
 .rodata.__sf_fake_stdin
                0x080049ac       0x20 c:/program files (x86)/atollic/truestudio for stm32 9.0.1/armtools/bin/../lib/gcc/arm-atollic-eabi/6.3.1/../../../../arm-atollic-eabi/lib/armv6-m\libc_nano.a(lib_a-findfp.o)
                0x080049ac                __sf_fake_stdin
 .rodata.__sf_fake_stdout
                0x080049cc       0x20 c:/program files (x86)/atollic/truestudio for stm32 9.0.1/armtools/bin/../lib/gcc/arm-atollic-eabi/6.3.1/../../../../arm-atollic-eabi/lib/armv6-m\libc_nano.a(lib_a-findfp.o)
                0x080049cc                __sf_fake_stdout
 .rodata._global_impure_ptr
                0x080049ec        0x4 c:/program files (x86)/atollic/truestudio for stm32 9.0.1/armtools/bin/../lib/gcc/arm-atollic-eabi/6.3.1/../../../../arm-atollic-eabi/lib/armv6-m\libc_nano.a(lib_a-impure.o)
                0x080049ec                _global_impure_ptr
 .rodata._vfprintf_r.str1.1
                0x080049f0       0x11 c:/program files (x86)/atollic/truestudio for stm32 9.0.1/armtools/bin/../lib/gcc/arm-atollic-eabi/6.3.1/../../../../arm-atollic-eabi/lib/armv6-m\libc_nano.a(lib_a-nano-vfprintf.o)
 .rodata._printf_i.str1.1
                0x08004a01       0x22 c:/program files (x86)/atollic/truestudio for stm32 9.0.1/armtools/bin/../lib/gcc/arm-atollic-eabi/6.3.1/../../../../arm-atollic-eabi/lib/armv6-m\libc_nano.a(lib_a-nano-vfprintf_i.o)
                0x08004a24                . = ALIGN (0x4)
 *fill*         0x08004a23        0x1 

.rel.dyn        0x08004a24        0x0
 .rel.iplt      0x08004a24        0x0 c:/program files (x86)/atollic/truestudio for stm32 9.0.1/armtools/bin/../lib/gcc/arm-atollic-eabi/6.3.1/armv6-m/crtbegin.o

.ARM.extab
 *(.ARM.extab* .gnu.linkonce.armextab.*)

.ARM            0x08004a24        0x0
                0x08004a24                __exidx_start = .
 *(.ARM.exidx*)
                0x08004a24                __exidx_end = .

.preinit_array  0x08004a24        0x0
                0x08004a24                PROVIDE (__preinit_array_start, .)
 *(.preinit_array*)
                0x08004a24                PROVIDE (__preinit_array_end, .)

.init_array     0x08004a24        0x4
                0x08004a24                PROVIDE (__init_array_start, .)
 *(SORT(.init_array.*))
 *(.init_array*)
 .init_array    0x08004a24        0x4 c:/program files (x86)/atollic/truestudio for stm32 9.0.1/armtools/bin/../lib/gcc/arm-atollic-eabi/6.3.1/armv6-m/crtbegin.o
                0x08004a28                PROVIDE (__init_array_end, .)

.fini_array     0x08004a28        0x4
                [!provide]                PROVIDE (__fini_array_start, .)
 *(SORT(.fini_array.*))
 *(.fini_array*)
 .fini_array    0x08004a28        0x4 c:/program files (x86)/atollic/truestudio for stm32 9.0.1/armtools/bin/../lib/gcc/arm-atollic-eabi/6.3.1/armv6-m/crtbegin.o
                [!provide]                PROVIDE (__fini_array_end, .)
                0x08004a2c                _sidata = LOADADDR (.data)

.data           0x20000000       0x68 load address 0x08004a2c
                0x20000000                . = ALIGN (0x4)
                0x20000000                _sdata = .
 *(.data)
 *(.data*)
 .data.SystemCoreClock
                0x20000000        0x4 Src\system_stm32l0xx.o
                0x20000000                SystemCoreClock
 .data._impure_ptr
                0x20000004        0x4 c:/program files (x86)/atollic/truestudio for stm32 9.0.1/armtools/bin/../lib/gcc/arm-atollic-eabi/6.3.1/../../../../arm-atollic-eabi/lib/armv6-m\libc_nano.a(lib_a-impure.o)
                0x20000004                _impure_ptr
 .data.impure_data
                0x20000008       0x60 c:/program files (x86)/atollic/truestudio for stm32 9.0.1/armtools/bin/../lib/gcc/arm-atollic-eabi/6.3.1/../../../../arm-atollic-eabi/lib/armv6-m\libc_nano.a(lib_a-impure.o)
                0x20000068                . = ALIGN (0x4)
                0x20000068                _edata = .

.igot.plt       0x20000068        0x0 load address 0x08004a94
 .igot.plt      0x20000068        0x0 c:/program files (x86)/atollic/truestudio for stm32 9.0.1/armtools/bin/../lib/gcc/arm-atollic-eabi/6.3.1/armv6-m/crtbegin.o
                0x20000068                . = ALIGN (0x4)

.bss            0x20000068      0x398 load address 0x08004a94
                0x20000068                _sbss = .
                0x20000068                __bss_start__ = _sbss
 *(.bss)
 .bss           0x20000068       0x1c c:/program files (x86)/atollic/truestudio for stm32 9.0.1/armtools/bin/../lib/gcc/arm-atollic-eabi/6.3.1/armv6-m/crtbegin.o
 *(.bss*)
 .bss.FatFs     0x20000084        0x4 Middlewares\Third_Party\FatFs\src\ff.o
 .bss.Fsid      0x20000088        0x2 Middlewares\Third_Party\FatFs\src\ff.o
 *fill*         0x2000008a        0x2 
 .bss.__malloc_free_list
                0x2000008c        0x4 c:/program files (x86)/atollic/truestudio for stm32 9.0.1/armtools/bin/../lib/gcc/arm-atollic-eabi/6.3.1/../../../../arm-atollic-eabi/lib/armv6-m\libc_nano.a(lib_a-nano-mallocr.o)
                0x2000008c                __malloc_free_list
 .bss.__malloc_sbrk_start
                0x20000090        0x4 c:/program files (x86)/atollic/truestudio for stm32 9.0.1/armtools/bin/../lib/gcc/arm-atollic-eabi/6.3.1/../../../../arm-atollic-eabi/lib/armv6-m\libc_nano.a(lib_a-nano-mallocr.o)
                0x20000090                __malloc_sbrk_start
 .bss.heap_end.4116
                0x20000094        0x4 c:/program files (x86)/atollic/truestudio for stm32 9.0.1/armtools/bin/../lib/gcc/arm-atollic-eabi/6.3.1/../../../../arm-atollic-eabi/lib/armv6-m\libnosys.a(sbrk.o)
 *(COMMON)
 COMMON         0x20000098        0x4 Drivers\STM32L0xx_HAL_Driver\Src\stm32l0xx_hal.o
                0x20000098                uwTick
 COMMON         0x2000009c       0x10 Middlewares\Third_Party\FatFs\src\diskio.o
                0x2000009c                SD_ff_hw
 COMMON         0x200000ac       0x4c Src\i2c.o
                0x200000ac                hi2c1
 COMMON         0x200000f8       0x7c Src\i2s.o
                0x200000f8                hdma_spi2_tx
                0x20000138                hi2s2
 COMMON         0x20000174      0x230 Src\main.o
                0x20000174                FatFs
 COMMON         0x200003a4       0x58 Src\spi.o
                0x200003a4                hspi1
 COMMON         0x200003fc        0x4 c:/program files (x86)/atollic/truestudio for stm32 9.0.1/armtools/bin/../lib/gcc/arm-atollic-eabi/6.3.1/../../../../arm-atollic-eabi/lib/armv6-m\libc_nano.a(lib_a-reent.o)
                0x200003fc                errno
                0x20000400                . = ALIGN (0x4)
                0x20000400                _ebss = .
                0x20000400                __bss_end__ = _ebss

._user_heap_stack
                0x20000400      0x600 load address 0x08004a94
                0x20000400                . = ALIGN (0x4)
                0x20000400                PROVIDE (end, .)
                [!provide]                PROVIDE (_end, .)
                0x20000600                . = (. + _Min_Heap_Size)
 *fill*         0x20000400      0x200 
                0x20000a00                . = (. + _Min_Stack_Size)
 *fill*         0x20000600      0x400 
                0x20000a00                . = ALIGN (0x4)

/DISCARD/
 libc.a(*)
 libm.a(*)
 libgcc.a(*)

.ARM.attributes
                0x00000000       0x28
 *(.ARM.attributes)
 .ARM.attributes
                0x00000000       0x1e c:/program files (x86)/atollic/truestudio for stm32 9.0.1/armtools/bin/../lib/gcc/arm-atollic-eabi/6.3.1/armv6-m/crti.o
 .ARM.attributes
                0x0000001e       0x2c c:/program files (x86)/atollic/truestudio for stm32 9.0.1/armtools/bin/../lib/gcc/arm-atollic-eabi/6.3.1/armv6-m/crtbegin.o
 .ARM.attributes
                0x0000004a       0x32 Drivers\STM32L0xx_HAL_Driver\Src\stm32l0xx_hal.o
 .ARM.attributes
                0x0000007c       0x32 Drivers\STM32L0xx_HAL_Driver\Src\stm32l0xx_hal_cortex.o
 .ARM.attributes
                0x000000ae       0x32 Drivers\STM32L0xx_HAL_Driver\Src\stm32l0xx_hal_dma.o
 .ARM.attributes
                0x000000e0       0x32 Drivers\STM32L0xx_HAL_Driver\Src\stm32l0xx_hal_gpio.o
 .ARM.attributes
                0x00000112       0x32 Drivers\STM32L0xx_HAL_Driver\Src\stm32l0xx_hal_i2c.o
 .ARM.attributes
                0x00000144       0x32 Drivers\STM32L0xx_HAL_Driver\Src\stm32l0xx_hal_i2c_ex.o
 .ARM.attributes
                0x00000176       0x32 Drivers\STM32L0xx_HAL_Driver\Src\stm32l0xx_hal_i2s.o
 .ARM.attributes
                0x000001a8       0x32 Drivers\STM32L0xx_HAL_Driver\Src\stm32l0xx_hal_rcc.o
 .ARM.attributes
                0x000001da       0x32 Drivers\STM32L0xx_HAL_Driver\Src\stm32l0xx_hal_rcc_ex.o
 .ARM.attributes
                0x0000020c       0x32 Drivers\STM32L0xx_HAL_Driver\Src\stm32l0xx_hal_spi.o
 .ARM.attributes
                0x0000023e       0x32 Middlewares\Third_Party\FatFs\src\diskio.o
 .ARM.attributes
                0x00000270       0x32 Middlewares\Third_Party\FatFs\src\fat_sd_spi.o
 .ARM.attributes
                0x000002a2       0x32 Middlewares\Third_Party\FatFs\src\ff.o
 .ARM.attributes
                0x000002d4       0x32 Src\dma.o
 .ARM.attributes
                0x00000306       0x32 Src\gpio.o
 .ARM.attributes
                0x00000338       0x32 Src\i2c.o
 .ARM.attributes
                0x0000036a       0x32 Src\i2s.o
 .ARM.attributes
                0x0000039c       0x32 Src\main.o
 .ARM.attributes
                0x000003ce       0x32 Src\spi.o
 .ARM.attributes
                0x00000400       0x32 Src\stm32l0xx_hal_msp.o
 .ARM.attributes
                0x00000432       0x32 Src\stm32l0xx_it.o
 .ARM.attributes
                0x00000464       0x32 Src\system_stm32l0xx.o
 .ARM.attributes
                0x00000496       0x22 startup\startup_stm32l052xx.o
 .ARM.attributes
                0x000004b8       0x2c c:/program files (x86)/atollic/truestudio for stm32 9.0.1/armtools/bin/../lib/gcc/arm-atollic-eabi/6.3.1/../../../../arm-atollic-eabi/lib/armv6-m\libc_nano.a(lib_a-init.o)
 .ARM.attributes
                0x000004e4       0x2c c:/program files (x86)/atollic/truestudio for stm32 9.0.1/armtools/bin/../lib/gcc/arm-atollic-eabi/6.3.1/../../../../arm-atollic-eabi/lib/armv6-m\libc_nano.a(lib_a-memcpy-stub.o)
 .ARM.attributes
                0x00000510       0x2c c:/program files (x86)/atollic/truestudio for stm32 9.0.1/armtools/bin/../lib/gcc/arm-atollic-eabi/6.3.1/../../../../arm-atollic-eabi/lib/armv6-m\libc_nano.a(lib_a-memset.o)
 .ARM.attributes
                0x0000053c       0x2c c:/program files (x86)/atollic/truestudio for stm32 9.0.1/armtools/bin/../lib/gcc/arm-atollic-eabi/6.3.1/../../../../arm-atollic-eabi/lib/armv6-m\libc_nano.a(lib_a-nano-freer.o)
 .ARM.attributes
                0x00000568       0x2c c:/program files (x86)/atollic/truestudio for stm32 9.0.1/armtools/bin/../lib/gcc/arm-atollic-eabi/6.3.1/../../../../arm-atollic-eabi/lib/armv6-m\libc_nano.a(lib_a-nano-mallocr.o)
 .ARM.attributes
                0x00000594       0x2c c:/program files (x86)/atollic/truestudio for stm32 9.0.1/armtools/bin/../lib/gcc/arm-atollic-eabi/6.3.1/../../../../arm-atollic-eabi/lib/armv6-m\libc_nano.a(lib_a-printf.o)
 .ARM.attributes
                0x000005c0       0x2c c:/program files (x86)/atollic/truestudio for stm32 9.0.1/armtools/bin/../lib/gcc/arm-atollic-eabi/6.3.1/../../../../arm-atollic-eabi/lib/armv6-m\libc_nano.a(lib_a-puts.o)
 .ARM.attributes
                0x000005ec       0x2c c:/program files (x86)/atollic/truestudio for stm32 9.0.1/armtools/bin/../lib/gcc/arm-atollic-eabi/6.3.1/../../../../arm-atollic-eabi/lib/armv6-m\libc_nano.a(lib_a-sbrkr.o)
 .ARM.attributes
                0x00000618       0x2c c:/program files (x86)/atollic/truestudio for stm32 9.0.1/armtools/bin/../lib/gcc/arm-atollic-eabi/6.3.1/../../../../arm-atollic-eabi/lib/armv6-m\libc_nano.a(lib_a-wbuf.o)
 .ARM.attributes
                0x00000644       0x2c c:/program files (x86)/atollic/truestudio for stm32 9.0.1/armtools/bin/../lib/gcc/arm-atollic-eabi/6.3.1/../../../../arm-atollic-eabi/lib/armv6-m\libc_nano.a(lib_a-wsetup.o)
 .ARM.attributes
                0x00000670       0x2c c:/program files (x86)/atollic/truestudio for stm32 9.0.1/armtools/bin/../lib/gcc/arm-atollic-eabi/6.3.1/../../../../arm-atollic-eabi/lib/armv6-m\libc_nano.a(lib_a-fflush.o)
 .ARM.attributes
                0x0000069c       0x2c c:/program files (x86)/atollic/truestudio for stm32 9.0.1/armtools/bin/../lib/gcc/arm-atollic-eabi/6.3.1/../../../../arm-atollic-eabi/lib/armv6-m\libc_nano.a(lib_a-findfp.o)
 .ARM.attributes
                0x000006c8       0x2c c:/program files (x86)/atollic/truestudio for stm32 9.0.1/armtools/bin/../lib/gcc/arm-atollic-eabi/6.3.1/../../../../arm-atollic-eabi/lib/armv6-m\libc_nano.a(lib_a-fwalk.o)
 .ARM.attributes
                0x000006f4       0x2c c:/program files (x86)/atollic/truestudio for stm32 9.0.1/armtools/bin/../lib/gcc/arm-atollic-eabi/6.3.1/../../../../arm-atollic-eabi/lib/armv6-m\libc_nano.a(lib_a-impure.o)
 .ARM.attributes
                0x00000720       0x2c c:/program files (x86)/atollic/truestudio for stm32 9.0.1/armtools/bin/../lib/gcc/arm-atollic-eabi/6.3.1/../../../../arm-atollic-eabi/lib/armv6-m\libc_nano.a(lib_a-makebuf.o)
 .ARM.attributes
                0x0000074c       0x2c c:/program files (x86)/atollic/truestudio for stm32 9.0.1/armtools/bin/../lib/gcc/arm-atollic-eabi/6.3.1/../../../../arm-atollic-eabi/lib/armv6-m\libc_nano.a(lib_a-mlock.o)
 .ARM.attributes
                0x00000778       0x2c c:/program files (x86)/atollic/truestudio for stm32 9.0.1/armtools/bin/../lib/gcc/arm-atollic-eabi/6.3.1/../../../../arm-atollic-eabi/lib/armv6-m\libc_nano.a(lib_a-nano-vfprintf.o)
 .ARM.attributes
                0x000007a4       0x2c c:/program files (x86)/atollic/truestudio for stm32 9.0.1/armtools/bin/../lib/gcc/arm-atollic-eabi/6.3.1/../../../../arm-atollic-eabi/lib/armv6-m\libc_nano.a(lib_a-nano-vfprintf_i.o)
 .ARM.attributes
                0x000007d0       0x2c c:/program files (x86)/atollic/truestudio for stm32 9.0.1/armtools/bin/../lib/gcc/arm-atollic-eabi/6.3.1/../../../../arm-atollic-eabi/lib/armv6-m\libc_nano.a(lib_a-reent.o)
 .ARM.attributes
                0x000007fc       0x2c c:/program files (x86)/atollic/truestudio for stm32 9.0.1/armtools/bin/../lib/gcc/arm-atollic-eabi/6.3.1/../../../../arm-atollic-eabi/lib/armv6-m\libc_nano.a(lib_a-stdio.o)
 .ARM.attributes
                0x00000828       0x2c c:/program files (x86)/atollic/truestudio for stm32 9.0.1/armtools/bin/../lib/gcc/arm-atollic-eabi/6.3.1/../../../../arm-atollic-eabi/lib/armv6-m\libc_nano.a(lib_a-writer.o)
 .ARM.attributes
                0x00000854       0x2c c:/program files (x86)/atollic/truestudio for stm32 9.0.1/armtools/bin/../lib/gcc/arm-atollic-eabi/6.3.1/../../../../arm-atollic-eabi/lib/armv6-m\libc_nano.a(lib_a-closer.o)
 .ARM.attributes
                0x00000880       0x2c c:/program files (x86)/atollic/truestudio for stm32 9.0.1/armtools/bin/../lib/gcc/arm-atollic-eabi/6.3.1/../../../../arm-atollic-eabi/lib/armv6-m\libc_nano.a(lib_a-fstatr.o)
 .ARM.attributes
                0x000008ac       0x2c c:/program files (x86)/atollic/truestudio for stm32 9.0.1/armtools/bin/../lib/gcc/arm-atollic-eabi/6.3.1/../../../../arm-atollic-eabi/lib/armv6-m\libc_nano.a(lib_a-isattyr.o)
 .ARM.attributes
                0x000008d8       0x2c c:/program files (x86)/atollic/truestudio for stm32 9.0.1/armtools/bin/../lib/gcc/arm-atollic-eabi/6.3.1/../../../../arm-atollic-eabi/lib/armv6-m\libc_nano.a(lib_a-lseekr.o)
 .ARM.attributes
                0x00000904       0x2c c:/program files (x86)/atollic/truestudio for stm32 9.0.1/armtools/bin/../lib/gcc/arm-atollic-eabi/6.3.1/../../../../arm-atollic-eabi/lib/armv6-m\libc_nano.a(lib_a-memchr-stub.o)
 .ARM.attributes
                0x00000930       0x2c c:/program files (x86)/atollic/truestudio for stm32 9.0.1/armtools/bin/../lib/gcc/arm-atollic-eabi/6.3.1/../../../../arm-atollic-eabi/lib/armv6-m\libc_nano.a(lib_a-readr.o)
 .ARM.attributes
                0x0000095c       0x1e c:/program files (x86)/atollic/truestudio for stm32 9.0.1/armtools/bin/../lib/gcc/arm-atollic-eabi/6.3.1/armv6-m\libgcc.a(_udivsi3.o)
 .ARM.attributes
                0x0000097a       0x1e c:/program files (x86)/atollic/truestudio for stm32 9.0.1/armtools/bin/../lib/gcc/arm-atollic-eabi/6.3.1/armv6-m\libgcc.a(_divsi3.o)
 .ARM.attributes
                0x00000998       0x1e c:/program files (x86)/atollic/truestudio for stm32 9.0.1/armtools/bin/../lib/gcc/arm-atollic-eabi/6.3.1/armv6-m\libgcc.a(_dvmd_tls.o)
 .ARM.attributes
                0x000009b6       0x2c c:/program files (x86)/atollic/truestudio for stm32 9.0.1/armtools/bin/../lib/gcc/arm-atollic-eabi/6.3.1/../../../../arm-atollic-eabi/lib/armv6-m\libnosys.a(close.o)
 .ARM.attributes
                0x000009e2       0x2c c:/program files (x86)/atollic/truestudio for stm32 9.0.1/armtools/bin/../lib/gcc/arm-atollic-eabi/6.3.1/../../../../arm-atollic-eabi/lib/armv6-m\libnosys.a(fstat.o)
 .ARM.attributes
                0x00000a0e       0x2c c:/program files (x86)/atollic/truestudio for stm32 9.0.1/armtools/bin/../lib/gcc/arm-atollic-eabi/6.3.1/../../../../arm-atollic-eabi/lib/armv6-m\libnosys.a(isatty.o)
 .ARM.attributes
                0x00000a3a       0x2c c:/program files (x86)/atollic/truestudio for stm32 9.0.1/armtools/bin/../lib/gcc/arm-atollic-eabi/6.3.1/../../../../arm-atollic-eabi/lib/armv6-m\libnosys.a(lseek.o)
 .ARM.attributes
                0x00000a66       0x2c c:/program files (x86)/atollic/truestudio for stm32 9.0.1/armtools/bin/../lib/gcc/arm-atollic-eabi/6.3.1/../../../../arm-atollic-eabi/lib/armv6-m\libnosys.a(read.o)
 .ARM.attributes
                0x00000a92       0x2c c:/program files (x86)/atollic/truestudio for stm32 9.0.1/armtools/bin/../lib/gcc/arm-atollic-eabi/6.3.1/../../../../arm-atollic-eabi/lib/armv6-m\libnosys.a(sbrk.o)
 .ARM.attributes
                0x00000abe       0x2c c:/program files (x86)/atollic/truestudio for stm32 9.0.1/armtools/bin/../lib/gcc/arm-atollic-eabi/6.3.1/../../../../arm-atollic-eabi/lib/armv6-m\libnosys.a(write.o)
 .ARM.attributes
                0x00000aea       0x1e c:/program files (x86)/atollic/truestudio for stm32 9.0.1/armtools/bin/../lib/gcc/arm-atollic-eabi/6.3.1/armv6-m/crtn.o
OUTPUT(NFC_Toy.elf elf32-littlearm)

.debug_info     0x00000000    0x1dd19
 .debug_info    0x00000000      0xfc1 Drivers\STM32L0xx_HAL_Driver\Src\stm32l0xx_hal.o
 .debug_info    0x00000fc1     0x1138 Drivers\STM32L0xx_HAL_Driver\Src\stm32l0xx_hal_cortex.o
 .debug_info    0x000020f9      0xf2f Drivers\STM32L0xx_HAL_Driver\Src\stm32l0xx_hal_dma.o
 .debug_info    0x00003028      0xede Drivers\STM32L0xx_HAL_Driver\Src\stm32l0xx_hal_gpio.o
 .debug_info    0x00003f06     0x393f Drivers\STM32L0xx_HAL_Driver\Src\stm32l0xx_hal_i2c.o
 .debug_info    0x00007845     0x10b3 Drivers\STM32L0xx_HAL_Driver\Src\stm32l0xx_hal_i2c_ex.o
 .debug_info    0x000088f8     0x156e Drivers\STM32L0xx_HAL_Driver\Src\stm32l0xx_hal_i2s.o
 .debug_info    0x00009e66     0x1393 Drivers\STM32L0xx_HAL_Driver\Src\stm32l0xx_hal_rcc.o
 .debug_info    0x0000b1f9     0x10c4 Drivers\STM32L0xx_HAL_Driver\Src\stm32l0xx_hal_rcc_ex.o
 .debug_info    0x0000c2bd     0x1d86 Drivers\STM32L0xx_HAL_Driver\Src\stm32l0xx_hal_spi.o
 .debug_info    0x0000e043     0x109e Middlewares\Third_Party\FatFs\src\diskio.o
 .debug_info    0x0000f0e1     0x2b01 Middlewares\Third_Party\FatFs\src\fat_sd_spi.o
 .debug_info    0x00011be2     0x3751 Middlewares\Third_Party\FatFs\src\ff.o
 .debug_info    0x00015333      0xb8c Src\dma.o
 .debug_info    0x00015ebf      0xd39 Src\gpio.o
 .debug_info    0x00016bf8     0x11b1 Src\i2c.o
 .debug_info    0x00017da9     0x10d2 Src\i2s.o
 .debug_info    0x00018e7b     0x1a64 Src\main.o
 .debug_info    0x0001a8df     0x10eb Src\spi.o
 .debug_info    0x0001b9ca      0xb92 Src\stm32l0xx_hal_msp.o
 .debug_info    0x0001c55c      0xba3 Src\stm32l0xx_it.o
 .debug_info    0x0001d0ff      0xb9e Src\system_stm32l0xx.o
 .debug_info    0x0001dc9d       0x7c startup\startup_stm32l052xx.o

.debug_abbrev   0x00000000     0x3a6d
 .debug_abbrev  0x00000000      0x2c0 Drivers\STM32L0xx_HAL_Driver\Src\stm32l0xx_hal.o
 .debug_abbrev  0x000002c0      0x319 Drivers\STM32L0xx_HAL_Driver\Src\stm32l0xx_hal_cortex.o
 .debug_abbrev  0x000005d9      0x290 Drivers\STM32L0xx_HAL_Driver\Src\stm32l0xx_hal_dma.o
 .debug_abbrev  0x00000869      0x252 Drivers\STM32L0xx_HAL_Driver\Src\stm32l0xx_hal_gpio.o
 .debug_abbrev  0x00000abb      0x38c Drivers\STM32L0xx_HAL_Driver\Src\stm32l0xx_hal_i2c.o
 .debug_abbrev  0x00000e47      0x211 Drivers\STM32L0xx_HAL_Driver\Src\stm32l0xx_hal_i2c_ex.o
 .debug_abbrev  0x00001058      0x32e Drivers\STM32L0xx_HAL_Driver\Src\stm32l0xx_hal_i2s.o
 .debug_abbrev  0x00001386      0x335 Drivers\STM32L0xx_HAL_Driver\Src\stm32l0xx_hal_rcc.o
 .debug_abbrev  0x000016bb      0x2b2 Drivers\STM32L0xx_HAL_Driver\Src\stm32l0xx_hal_rcc_ex.o
 .debug_abbrev  0x0000196d      0x357 Drivers\STM32L0xx_HAL_Driver\Src\stm32l0xx_hal_spi.o
 .debug_abbrev  0x00001cc4      0x26c Middlewares\Third_Party\FatFs\src\diskio.o
 .debug_abbrev  0x00001f30      0x539 Middlewares\Third_Party\FatFs\src\fat_sd_spi.o
 .debug_abbrev  0x00002469      0x36e Middlewares\Third_Party\FatFs\src\ff.o
 .debug_abbrev  0x000027d7      0x1f5 Src\dma.o
 .debug_abbrev  0x000029cc      0x1ec Src\gpio.o
 .debug_abbrev  0x00002bb8      0x210 Src\i2c.o
 .debug_abbrev  0x00002dc8      0x22c Src\i2s.o
 .debug_abbrev  0x00002ff4      0x2ba Src\main.o
 .debug_abbrev  0x000032ae      0x210 Src\spi.o
 .debug_abbrev  0x000034be      0x1dd Src\stm32l0xx_hal_msp.o
 .debug_abbrev  0x0000369b      0x1f6 Src\stm32l0xx_it.o
 .debug_abbrev  0x00003891      0x1ca Src\system_stm32l0xx.o
 .debug_abbrev  0x00003a5b       0x12 startup\startup_stm32l052xx.o

.debug_loc      0x00000000     0xc6d5
 .debug_loc     0x00000000       0xac Drivers\STM32L0xx_HAL_Driver\Src\stm32l0xx_hal.o
 .debug_loc     0x000000ac      0x3cc Drivers\STM32L0xx_HAL_Driver\Src\stm32l0xx_hal_cortex.o
 .debug_loc     0x00000478      0x729 Drivers\STM32L0xx_HAL_Driver\Src\stm32l0xx_hal_dma.o
 .debug_loc     0x00000ba1      0x2ea Drivers\STM32L0xx_HAL_Driver\Src\stm32l0xx_hal_gpio.o
 .debug_loc     0x00000e8b     0x327e Drivers\STM32L0xx_HAL_Driver\Src\stm32l0xx_hal_i2c.o
 .debug_loc     0x00004109      0x1c8 Drivers\STM32L0xx_HAL_Driver\Src\stm32l0xx_hal_i2c_ex.o
 .debug_loc     0x000042d1      0x9d4 Drivers\STM32L0xx_HAL_Driver\Src\stm32l0xx_hal_i2s.o
 .debug_loc     0x00004ca5      0x5b7 Drivers\STM32L0xx_HAL_Driver\Src\stm32l0xx_hal_rcc.o
 .debug_loc     0x0000525c      0x6cf Drivers\STM32L0xx_HAL_Driver\Src\stm32l0xx_hal_rcc_ex.o
 .debug_loc     0x0000592b      0xfdf Drivers\STM32L0xx_HAL_Driver\Src\stm32l0xx_hal_spi.o
 .debug_loc     0x0000690a      0x16b Middlewares\Third_Party\FatFs\src\diskio.o
 .debug_loc     0x00006a75      0xfb9 Middlewares\Third_Party\FatFs\src\fat_sd_spi.o
 .debug_loc     0x00007a2e     0x4a1b Middlewares\Third_Party\FatFs\src\ff.o
 .debug_loc     0x0000c449       0x42 Src\i2c.o
 .debug_loc     0x0000c48b       0x58 Src\i2s.o
 .debug_loc     0x0000c4e3       0x31 Src\main.o
 .debug_loc     0x0000c514       0x42 Src\spi.o
 .debug_loc     0x0000c556      0x17f Src\system_stm32l0xx.o

.debug_aranges  0x00000000      0xb68
 .debug_aranges
                0x00000000       0xd8 Drivers\STM32L0xx_HAL_Driver\Src\stm32l0xx_hal.o
 .debug_aranges
                0x000000d8       0x80 Drivers\STM32L0xx_HAL_Driver\Src\stm32l0xx_hal_cortex.o
 .debug_aranges
                0x00000158       0x68 Drivers\STM32L0xx_HAL_Driver\Src\stm32l0xx_hal_dma.o
 .debug_aranges
                0x000001c0       0x58 Drivers\STM32L0xx_HAL_Driver\Src\stm32l0xx_hal_gpio.o
 .debug_aranges
                0x00000218      0x200 Drivers\STM32L0xx_HAL_Driver\Src\stm32l0xx_hal_i2c.o
 .debug_aranges
                0x00000418       0x48 Drivers\STM32L0xx_HAL_Driver\Src\stm32l0xx_hal_i2c_ex.o
 .debug_aranges
                0x00000460       0xc0 Drivers\STM32L0xx_HAL_Driver\Src\stm32l0xx_hal_i2s.o
 .debug_aranges
                0x00000520       0x88 Drivers\STM32L0xx_HAL_Driver\Src\stm32l0xx_hal_rcc.o
 .debug_aranges
                0x000005a8       0x98 Drivers\STM32L0xx_HAL_Driver\Src\stm32l0xx_hal_rcc_ex.o
 .debug_aranges
                0x00000640      0x108 Drivers\STM32L0xx_HAL_Driver\Src\stm32l0xx_hal_spi.o
 .debug_aranges
                0x00000748       0x48 Middlewares\Third_Party\FatFs\src\diskio.o
 .debug_aranges
                0x00000790       0xa0 Middlewares\Third_Party\FatFs\src\fat_sd_spi.o
 .debug_aranges
                0x00000830      0x190 Middlewares\Third_Party\FatFs\src\ff.o
 .debug_aranges
                0x000009c0       0x20 Src\dma.o
 .debug_aranges
                0x000009e0       0x20 Src\gpio.o
 .debug_aranges
                0x00000a00       0x30 Src\i2c.o
 .debug_aranges
                0x00000a30       0x30 Src\i2s.o
 .debug_aranges
                0x00000a60       0x30 Src\main.o
 .debug_aranges
                0x00000a90       0x30 Src\spi.o
 .debug_aranges
                0x00000ac0       0x20 Src\stm32l0xx_hal_msp.o
 .debug_aranges
                0x00000ae0       0x38 Src\stm32l0xx_it.o
 .debug_aranges
                0x00000b18       0x28 Src\system_stm32l0xx.o
 .debug_aranges
                0x00000b40       0x28 startup\startup_stm32l052xx.o

.debug_ranges   0x00000000     0x1030
 .debug_ranges  0x00000000       0xc8 Drivers\STM32L0xx_HAL_Driver\Src\stm32l0xx_hal.o
 .debug_ranges  0x000000c8      0x128 Drivers\STM32L0xx_HAL_Driver\Src\stm32l0xx_hal_cortex.o
 .debug_ranges  0x000001f0       0x88 Drivers\STM32L0xx_HAL_Driver\Src\stm32l0xx_hal_dma.o
 .debug_ranges  0x00000278       0x48 Drivers\STM32L0xx_HAL_Driver\Src\stm32l0xx_hal_gpio.o
 .debug_ranges  0x000002c0      0x280 Drivers\STM32L0xx_HAL_Driver\Src\stm32l0xx_hal_i2c.o
 .debug_ranges  0x00000540       0x38 Drivers\STM32L0xx_HAL_Driver\Src\stm32l0xx_hal_i2c_ex.o
 .debug_ranges  0x00000578       0xb0 Drivers\STM32L0xx_HAL_Driver\Src\stm32l0xx_hal_i2s.o
 .debug_ranges  0x00000628       0xc0 Drivers\STM32L0xx_HAL_Driver\Src\stm32l0xx_hal_rcc.o
 .debug_ranges  0x000006e8       0xa8 Drivers\STM32L0xx_HAL_Driver\Src\stm32l0xx_hal_rcc_ex.o
 .debug_ranges  0x00000790      0x158 Drivers\STM32L0xx_HAL_Driver\Src\stm32l0xx_hal_spi.o
 .debug_ranges  0x000008e8       0x38 Middlewares\Third_Party\FatFs\src\diskio.o
 .debug_ranges  0x00000920      0x148 Middlewares\Third_Party\FatFs\src\fat_sd_spi.o
 .debug_ranges  0x00000a68      0x3e0 Middlewares\Third_Party\FatFs\src\ff.o
 .debug_ranges  0x00000e48       0x38 Src\dma.o
 .debug_ranges  0x00000e80       0xa0 Src\gpio.o
 .debug_ranges  0x00000f20       0x20 Src\i2c.o
 .debug_ranges  0x00000f40       0x20 Src\i2s.o
 .debug_ranges  0x00000f60       0x40 Src\main.o
 .debug_ranges  0x00000fa0       0x20 Src\spi.o
 .debug_ranges  0x00000fc0       0x10 Src\stm32l0xx_hal_msp.o
 .debug_ranges  0x00000fd0       0x28 Src\stm32l0xx_it.o
 .debug_ranges  0x00000ff8       0x18 Src\system_stm32l0xx.o
 .debug_ranges  0x00001010       0x20 startup\startup_stm32l052xx.o

.debug_line     0x00000000     0x816b
 .debug_line    0x00000000      0x49c Drivers\STM32L0xx_HAL_Driver\Src\stm32l0xx_hal.o
 .debug_line    0x0000049c      0x47f Drivers\STM32L0xx_HAL_Driver\Src\stm32l0xx_hal_cortex.o
 .debug_line    0x0000091b      0x6c2 Drivers\STM32L0xx_HAL_Driver\Src\stm32l0xx_hal_dma.o
 .debug_line    0x00000fdd      0x43c Drivers\STM32L0xx_HAL_Driver\Src\stm32l0xx_hal_gpio.o
 .debug_line    0x00001419     0x163e Drivers\STM32L0xx_HAL_Driver\Src\stm32l0xx_hal_i2c.o
 .debug_line    0x00002a57      0x3fe Drivers\STM32L0xx_HAL_Driver\Src\stm32l0xx_hal_i2c_ex.o
 .debug_line    0x00002e55      0x714 Drivers\STM32L0xx_HAL_Driver\Src\stm32l0xx_hal_i2s.o
 .debug_line    0x00003569      0x666 Drivers\STM32L0xx_HAL_Driver\Src\stm32l0xx_hal_rcc.o
 .debug_line    0x00003bcf      0x605 Drivers\STM32L0xx_HAL_Driver\Src\stm32l0xx_hal_rcc_ex.o
 .debug_line    0x000041d4      0xbf5 Drivers\STM32L0xx_HAL_Driver\Src\stm32l0xx_hal_spi.o
 .debug_line    0x00004dc9      0x347 Middlewares\Third_Party\FatFs\src\diskio.o
 .debug_line    0x00005110      0x77f Middlewares\Third_Party\FatFs\src\fat_sd_spi.o
 .debug_line    0x0000588f      0xe9b Middlewares\Third_Party\FatFs\src\ff.o
 .debug_line    0x0000672a      0x257 Src\dma.o
 .debug_line    0x00006981      0x2a1 Src\gpio.o
 .debug_line    0x00006c22      0x306 Src\i2c.o
 .debug_line    0x00006f28      0x30e Src\i2s.o
 .debug_line    0x00007236      0x3f8 Src\main.o
 .debug_line    0x0000762e      0x306 Src\spi.o
 .debug_line    0x00007934      0x262 Src\stm32l0xx_hal_msp.o
 .debug_line    0x00007b96      0x2cc Src\stm32l0xx_it.o
 .debug_line    0x00007e62      0x286 Src\system_stm32l0xx.o
 .debug_line    0x000080e8       0x83 startup\startup_stm32l052xx.o

.debug_str      0x00000000     0x3787
 .debug_str     0x00000000      0xb18 Drivers\STM32L0xx_HAL_Driver\Src\stm32l0xx_hal.o
                                0xbbf (size before relaxing)
 .debug_str     0x00000b18      0x2c4 Drivers\STM32L0xx_HAL_Driver\Src\stm32l0xx_hal_cortex.o
                                0xb37 (size before relaxing)
 .debug_str     0x00000ddc      0x31f Drivers\STM32L0xx_HAL_Driver\Src\stm32l0xx_hal_dma.o
                                0x9b6 (size before relaxing)
 .debug_str     0x000010fb      0x1a4 Drivers\STM32L0xx_HAL_Driver\Src\stm32l0xx_hal_gpio.o
                                0x8c8 (size before relaxing)
 .debug_str     0x0000129f      0xa2b Drivers\STM32L0xx_HAL_Driver\Src\stm32l0xx_hal_i2c.o
                               0x12da (size before relaxing)
 .debug_str     0x00001cca       0xfa Drivers\STM32L0xx_HAL_Driver\Src\stm32l0xx_hal_i2c_ex.o
                                0xca0 (size before relaxing)
 .debug_str     0x00001dc4      0x3e1 Drivers\STM32L0xx_HAL_Driver\Src\stm32l0xx_hal_i2s.o
                                0xc96 (size before relaxing)
 .debug_str     0x000021a5      0x311 Drivers\STM32L0xx_HAL_Driver\Src\stm32l0xx_hal_rcc.o
                                0xb1f (size before relaxing)
 .debug_str     0x000024b6      0x415 Drivers\STM32L0xx_HAL_Driver\Src\stm32l0xx_hal_rcc_ex.o
                                0xbfa (size before relaxing)
 .debug_str     0x000028cb      0x4b7 Drivers\STM32L0xx_HAL_Driver\Src\stm32l0xx_hal_spi.o
                                0xde8 (size before relaxing)
 .debug_str     0x00002d82      0x138 Middlewares\Third_Party\FatFs\src\diskio.o
                                0xb0e (size before relaxing)
 .debug_str     0x00002eba      0x19e Middlewares\Third_Party\FatFs\src\fat_sd_spi.o
                                0xc65 (size before relaxing)
 .debug_str     0x00003058      0x532 Middlewares\Third_Party\FatFs\src\ff.o
                                0x760 (size before relaxing)
 .debug_str     0x0000358a       0x19 Src\dma.o
                                0x865 (size before relaxing)
 .debug_str     0x000035a3       0x2b Src\gpio.o
                                0x76e (size before relaxing)
 .debug_str     0x000035ce       0x39 Src\i2c.o
                                0xc7e (size before relaxing)
 .debug_str     0x00003607       0x37 Src\i2s.o
                                0xb35 (size before relaxing)
 .debug_str     0x0000363e       0x4b Src\main.o
                               0x14cc (size before relaxing)
 .debug_str     0x00003689       0x17 Src\spi.o
                                0xb5e (size before relaxing)
 .debug_str     0x000036a0       0x1b Src\stm32l0xx_hal_msp.o
                                0x859 (size before relaxing)
 .debug_str     0x000036bb       0x7e Src\stm32l0xx_it.o
                                0x897 (size before relaxing)
 .debug_str     0x00003739       0x4e Src\system_stm32l0xx.o
                                0x71a (size before relaxing)

.comment        0x00000000       0x7c
 .comment       0x00000000       0x7c Drivers\STM32L0xx_HAL_Driver\Src\stm32l0xx_hal.o
                                 0x7d (size before relaxing)
 .comment       0x0000007c       0x7d Drivers\STM32L0xx_HAL_Driver\Src\stm32l0xx_hal_cortex.o
 .comment       0x0000007c       0x7d Drivers\STM32L0xx_HAL_Driver\Src\stm32l0xx_hal_dma.o
 .comment       0x0000007c       0x7d Drivers\STM32L0xx_HAL_Driver\Src\stm32l0xx_hal_gpio.o
 .comment       0x0000007c       0x7d Drivers\STM32L0xx_HAL_Driver\Src\stm32l0xx_hal_i2c.o
 .comment       0x0000007c       0x7d Drivers\STM32L0xx_HAL_Driver\Src\stm32l0xx_hal_i2c_ex.o
 .comment       0x0000007c       0x7d Drivers\STM32L0xx_HAL_Driver\Src\stm32l0xx_hal_i2s.o
 .comment       0x0000007c       0x7d Drivers\STM32L0xx_HAL_Driver\Src\stm32l0xx_hal_rcc.o
 .comment       0x0000007c       0x7d Drivers\STM32L0xx_HAL_Driver\Src\stm32l0xx_hal_rcc_ex.o
 .comment       0x0000007c       0x7d Drivers\STM32L0xx_HAL_Driver\Src\stm32l0xx_hal_spi.o
 .comment       0x0000007c       0x7d Middlewares\Third_Party\FatFs\src\diskio.o
 .comment       0x0000007c       0x7d Middlewares\Third_Party\FatFs\src\fat_sd_spi.o
 .comment       0x0000007c       0x7d Middlewares\Third_Party\FatFs\src\ff.o
 .comment       0x0000007c       0x7d Src\dma.o
 .comment       0x0000007c       0x7d Src\gpio.o
 .comment       0x0000007c       0x7d Src\i2c.o
 .comment       0x0000007c       0x7d Src\i2s.o
 .comment       0x0000007c       0x7d Src\main.o
 .comment       0x0000007c       0x7d Src\spi.o
 .comment       0x0000007c       0x7d Src\stm32l0xx_hal_msp.o
 .comment       0x0000007c       0x7d Src\stm32l0xx_it.o
 .comment       0x0000007c       0x7d Src\system_stm32l0xx.o

.debug_frame    0x00000000     0x2980
 .debug_frame   0x00000000      0x1c4 Drivers\STM32L0xx_HAL_Driver\Src\stm32l0xx_hal.o
 .debug_frame   0x000001c4       0xfc Drivers\STM32L0xx_HAL_Driver\Src\stm32l0xx_hal_cortex.o
 .debug_frame   0x000002c0      0x11c Drivers\STM32L0xx_HAL_Driver\Src\stm32l0xx_hal_dma.o
 .debug_frame   0x000003dc       0xbc Drivers\STM32L0xx_HAL_Driver\Src\stm32l0xx_hal_gpio.o
 .debug_frame   0x00000498      0x794 Drivers\STM32L0xx_HAL_Driver\Src\stm32l0xx_hal_i2c.o
 .debug_frame   0x00000c2c       0xa8 Drivers\STM32L0xx_HAL_Driver\Src\stm32l0xx_hal_i2c_ex.o
 .debug_frame   0x00000cd4      0x2a8 Drivers\STM32L0xx_HAL_Driver\Src\stm32l0xx_hal_i2s.o
 .debug_frame   0x00000f7c      0x154 Drivers\STM32L0xx_HAL_Driver\Src\stm32l0xx_hal_rcc.o
 .debug_frame   0x000010d0      0x184 Drivers\STM32L0xx_HAL_Driver\Src\stm32l0xx_hal_rcc_ex.o
 .debug_frame   0x00001254      0x3c8 Drivers\STM32L0xx_HAL_Driver\Src\stm32l0xx_hal_spi.o
 .debug_frame   0x0000161c       0x98 Middlewares\Third_Party\FatFs\src\diskio.o
 .debug_frame   0x000016b4      0x204 Middlewares\Third_Party\FatFs\src\fat_sd_spi.o
 .debug_frame   0x000018b8      0x574 Middlewares\Third_Party\FatFs\src\ff.o
 .debug_frame   0x00001e2c       0x2c Src\dma.o
 .debug_frame   0x00001e58       0x30 Src\gpio.o
 .debug_frame   0x00001e88       0x64 Src\i2c.o
 .debug_frame   0x00001eec       0x60 Src\i2s.o
 .debug_frame   0x00001f4c       0x5c Src\main.o
 .debug_frame   0x00001fa8       0x60 Src\spi.o
 .debug_frame   0x00002008       0x28 Src\stm32l0xx_hal_msp.o
 .debug_frame   0x00002030       0x80 Src\stm32l0xx_it.o
 .debug_frame   0x000020b0       0x3c Src\system_stm32l0xx.o
 .debug_frame   0x000020ec       0x2c c:/program files (x86)/atollic/truestudio for stm32 9.0.1/armtools/bin/../lib/gcc/arm-atollic-eabi/6.3.1/../../../../arm-atollic-eabi/lib/armv6-m\libc_nano.a(lib_a-init.o)
 .debug_frame   0x00002118       0x28 c:/program files (x86)/atollic/truestudio for stm32 9.0.1/armtools/bin/../lib/gcc/arm-atollic-eabi/6.3.1/../../../../arm-atollic-eabi/lib/armv6-m\libc_nano.a(lib_a-memcpy-stub.o)
 .debug_frame   0x00002140       0x20 c:/program files (x86)/atollic/truestudio for stm32 9.0.1/armtools/bin/../lib/gcc/arm-atollic-eabi/6.3.1/../../../../arm-atollic-eabi/lib/armv6-m\libc_nano.a(lib_a-memset.o)
 .debug_frame   0x00002160       0x2c c:/program files (x86)/atollic/truestudio for stm32 9.0.1/armtools/bin/../lib/gcc/arm-atollic-eabi/6.3.1/../../../../arm-atollic-eabi/lib/armv6-m\libc_nano.a(lib_a-nano-freer.o)
 .debug_frame   0x0000218c       0x2c c:/program files (x86)/atollic/truestudio for stm32 9.0.1/armtools/bin/../lib/gcc/arm-atollic-eabi/6.3.1/../../../../arm-atollic-eabi/lib/armv6-m\libc_nano.a(lib_a-nano-mallocr.o)
 .debug_frame   0x000021b8       0x50 c:/program files (x86)/atollic/truestudio for stm32 9.0.1/armtools/bin/../lib/gcc/arm-atollic-eabi/6.3.1/../../../../arm-atollic-eabi/lib/armv6-m\libc_nano.a(lib_a-printf.o)
 .debug_frame   0x00002208       0x44 c:/program files (x86)/atollic/truestudio for stm32 9.0.1/armtools/bin/../lib/gcc/arm-atollic-eabi/6.3.1/../../../../arm-atollic-eabi/lib/armv6-m\libc_nano.a(lib_a-puts.o)
 .debug_frame   0x0000224c       0x2c c:/program files (x86)/atollic/truestudio for stm32 9.0.1/armtools/bin/../lib/gcc/arm-atollic-eabi/6.3.1/../../../../arm-atollic-eabi/lib/armv6-m\libc_nano.a(lib_a-sbrkr.o)
 .debug_frame   0x00002278       0x48 c:/program files (x86)/atollic/truestudio for stm32 9.0.1/armtools/bin/../lib/gcc/arm-atollic-eabi/6.3.1/../../../../arm-atollic-eabi/lib/armv6-m\libc_nano.a(lib_a-wbuf.o)
 .debug_frame   0x000022c0       0x2c c:/program files (x86)/atollic/truestudio for stm32 9.0.1/armtools/bin/../lib/gcc/arm-atollic-eabi/6.3.1/../../../../arm-atollic-eabi/lib/armv6-m\libc_nano.a(lib_a-wsetup.o)
 .debug_frame   0x000022ec       0x68 c:/program files (x86)/atollic/truestudio for stm32 9.0.1/armtools/bin/../lib/gcc/arm-atollic-eabi/6.3.1/../../../../arm-atollic-eabi/lib/armv6-m\libc_nano.a(lib_a-fflush.o)
 .debug_frame   0x00002354      0x140 c:/program files (x86)/atollic/truestudio for stm32 9.0.1/armtools/bin/../lib/gcc/arm-atollic-eabi/6.3.1/../../../../arm-atollic-eabi/lib/armv6-m\libc_nano.a(lib_a-findfp.o)
 .debug_frame   0x00002494       0x58 c:/program files (x86)/atollic/truestudio for stm32 9.0.1/armtools/bin/../lib/gcc/arm-atollic-eabi/6.3.1/../../../../arm-atollic-eabi/lib/armv6-m\libc_nano.a(lib_a-fwalk.o)
 .debug_frame   0x000024ec       0x54 c:/program files (x86)/atollic/truestudio for stm32 9.0.1/armtools/bin/../lib/gcc/arm-atollic-eabi/6.3.1/../../../../arm-atollic-eabi/lib/armv6-m\libc_nano.a(lib_a-makebuf.o)
 .debug_frame   0x00002540       0x30 c:/program files (x86)/atollic/truestudio for stm32 9.0.1/armtools/bin/../lib/gcc/arm-atollic-eabi/6.3.1/../../../../arm-atollic-eabi/lib/armv6-m\libc_nano.a(lib_a-mlock.o)
 .debug_frame   0x00002570       0x9c c:/program files (x86)/atollic/truestudio for stm32 9.0.1/armtools/bin/../lib/gcc/arm-atollic-eabi/6.3.1/../../../../arm-atollic-eabi/lib/armv6-m\libc_nano.a(lib_a-nano-vfprintf.o)
 .debug_frame   0x0000260c       0x54 c:/program files (x86)/atollic/truestudio for stm32 9.0.1/armtools/bin/../lib/gcc/arm-atollic-eabi/6.3.1/../../../../arm-atollic-eabi/lib/armv6-m\libc_nano.a(lib_a-nano-vfprintf_i.o)
 .debug_frame   0x00002660       0x48 c:/program files (x86)/atollic/truestudio for stm32 9.0.1/armtools/bin/../lib/gcc/arm-atollic-eabi/6.3.1/../../../../arm-atollic-eabi/lib/armv6-m\libc_nano.a(lib_a-reent.o)
 .debug_frame   0x000026a8       0x90 c:/program files (x86)/atollic/truestudio for stm32 9.0.1/armtools/bin/../lib/gcc/arm-atollic-eabi/6.3.1/../../../../arm-atollic-eabi/lib/armv6-m\libc_nano.a(lib_a-stdio.o)
 .debug_frame   0x00002738       0x2c c:/program files (x86)/atollic/truestudio for stm32 9.0.1/armtools/bin/../lib/gcc/arm-atollic-eabi/6.3.1/../../../../arm-atollic-eabi/lib/armv6-m\libc_nano.a(lib_a-writer.o)
 .debug_frame   0x00002764       0x2c c:/program files (x86)/atollic/truestudio for stm32 9.0.1/armtools/bin/../lib/gcc/arm-atollic-eabi/6.3.1/../../../../arm-atollic-eabi/lib/armv6-m\libc_nano.a(lib_a-closer.o)
 .debug_frame   0x00002790       0x2c c:/program files (x86)/atollic/truestudio for stm32 9.0.1/armtools/bin/../lib/gcc/arm-atollic-eabi/6.3.1/../../../../arm-atollic-eabi/lib/armv6-m\libc_nano.a(lib_a-fstatr.o)
 .debug_frame   0x000027bc       0x2c c:/program files (x86)/atollic/truestudio for stm32 9.0.1/armtools/bin/../lib/gcc/arm-atollic-eabi/6.3.1/../../../../arm-atollic-eabi/lib/armv6-m\libc_nano.a(lib_a-isattyr.o)
 .debug_frame   0x000027e8       0x2c c:/program files (x86)/atollic/truestudio for stm32 9.0.1/armtools/bin/../lib/gcc/arm-atollic-eabi/6.3.1/../../../../arm-atollic-eabi/lib/armv6-m\libc_nano.a(lib_a-lseekr.o)
 .debug_frame   0x00002814       0x20 c:/program files (x86)/atollic/truestudio for stm32 9.0.1/armtools/bin/../lib/gcc/arm-atollic-eabi/6.3.1/../../../../arm-atollic-eabi/lib/armv6-m\libc_nano.a(lib_a-memchr-stub.o)
 .debug_frame   0x00002834       0x2c c:/program files (x86)/atollic/truestudio for stm32 9.0.1/armtools/bin/../lib/gcc/arm-atollic-eabi/6.3.1/../../../../arm-atollic-eabi/lib/armv6-m\libc_nano.a(lib_a-readr.o)
 .debug_frame   0x00002860       0x20 c:/program files (x86)/atollic/truestudio for stm32 9.0.1/armtools/bin/../lib/gcc/arm-atollic-eabi/6.3.1/armv6-m\libgcc.a(_udivsi3.o)
 .debug_frame   0x00002880       0x20 c:/program files (x86)/atollic/truestudio for stm32 9.0.1/armtools/bin/../lib/gcc/arm-atollic-eabi/6.3.1/armv6-m\libgcc.a(_divsi3.o)
 .debug_frame   0x000028a0       0x20 c:/program files (x86)/atollic/truestudio for stm32 9.0.1/armtools/bin/../lib/gcc/arm-atollic-eabi/6.3.1/../../../../arm-atollic-eabi/lib/armv6-m\libnosys.a(close.o)
 .debug_frame   0x000028c0       0x20 c:/program files (x86)/atollic/truestudio for stm32 9.0.1/armtools/bin/../lib/gcc/arm-atollic-eabi/6.3.1/../../../../arm-atollic-eabi/lib/armv6-m\libnosys.a(fstat.o)
 .debug_frame   0x000028e0       0x20 c:/program files (x86)/atollic/truestudio for stm32 9.0.1/armtools/bin/../lib/gcc/arm-atollic-eabi/6.3.1/../../../../arm-atollic-eabi/lib/armv6-m\libnosys.a(isatty.o)
 .debug_frame   0x00002900       0x20 c:/program files (x86)/atollic/truestudio for stm32 9.0.1/armtools/bin/../lib/gcc/arm-atollic-eabi/6.3.1/../../../../arm-atollic-eabi/lib/armv6-m\libnosys.a(lseek.o)
 .debug_frame   0x00002920       0x20 c:/program files (x86)/atollic/truestudio for stm32 9.0.1/armtools/bin/../lib/gcc/arm-atollic-eabi/6.3.1/../../../../arm-atollic-eabi/lib/armv6-m\libnosys.a(read.o)
 .debug_frame   0x00002940       0x20 c:/program files (x86)/atollic/truestudio for stm32 9.0.1/armtools/bin/../lib/gcc/arm-atollic-eabi/6.3.1/../../../../arm-atollic-eabi/lib/armv6-m\libnosys.a(sbrk.o)
 .debug_frame   0x00002960       0x20 c:/program files (x86)/atollic/truestudio for stm32 9.0.1/armtools/bin/../lib/gcc/arm-atollic-eabi/6.3.1/../../../../arm-atollic-eabi/lib/armv6-m\libnosys.a(write.o)

.stab           0x00000000       0x9c
 .stab          0x00000000       0x24 c:/program files (x86)/atollic/truestudio for stm32 9.0.1/armtools/bin/../lib/gcc/arm-atollic-eabi/6.3.1/../../../../arm-atollic-eabi/lib/armv6-m\libnosys.a(close.o)
 .stab          0x00000024       0x18 c:/program files (x86)/atollic/truestudio for stm32 9.0.1/armtools/bin/../lib/gcc/arm-atollic-eabi/6.3.1/../../../../arm-atollic-eabi/lib/armv6-m\libnosys.a(fstat.o)
                                 0x24 (size before relaxing)
 .stab          0x0000003c       0x18 c:/program files (x86)/atollic/truestudio for stm32 9.0.1/armtools/bin/../lib/gcc/arm-atollic-eabi/6.3.1/../../../../arm-atollic-eabi/lib/armv6-m\libnosys.a(isatty.o)
                                 0x24 (size before relaxing)
 .stab          0x00000054       0x18 c:/program files (x86)/atollic/truestudio for stm32 9.0.1/armtools/bin/../lib/gcc/arm-atollic-eabi/6.3.1/../../../../arm-atollic-eabi/lib/armv6-m\libnosys.a(lseek.o)
                                 0x24 (size before relaxing)
 .stab          0x0000006c       0x18 c:/program files (x86)/atollic/truestudio for stm32 9.0.1/armtools/bin/../lib/gcc/arm-atollic-eabi/6.3.1/../../../../arm-atollic-eabi/lib/armv6-m\libnosys.a(read.o)
                                 0x24 (size before relaxing)
 .stab          0x00000084       0x18 c:/program files (x86)/atollic/truestudio for stm32 9.0.1/armtools/bin/../lib/gcc/arm-atollic-eabi/6.3.1/../../../../arm-atollic-eabi/lib/armv6-m\libnosys.a(write.o)
                                 0x24 (size before relaxing)

.stabstr        0x00000000      0x1b9
 .stabstr       0x00000000      0x1b9 c:/program files (x86)/atollic/truestudio for stm32 9.0.1/armtools/bin/../lib/gcc/arm-atollic-eabi/6.3.1/../../../../arm-atollic-eabi/lib/armv6-m\libnosys.a(close.o)

Cross Reference Table

Symbol                                            File
ADC1_COMP_IRQHandler                              startup\startup_stm32l052xx.o
AHBPrescTable                                     Src\system_stm32l0xx.o
                                                  Drivers\STM32L0xx_HAL_Driver\Src\stm32l0xx_hal_rcc.o
APBPrescTable                                     Src\system_stm32l0xx.o
                                                  Drivers\STM32L0xx_HAL_Driver\Src\stm32l0xx_hal_rcc.o
DMA1_Channel1_IRQHandler                          startup\startup_stm32l052xx.o
DMA1_Channel2_3_IRQHandler                        startup\startup_stm32l052xx.o
DMA1_Channel4_5_6_7_IRQHandler                    Src\stm32l0xx_it.o
Default_Handler                                   startup\startup_stm32l052xx.o
DotStar::Color(unsigned char, unsigned char, unsigned char) Src\dotstar.o
DotStar::DotStar(unsigned char, unsigned char)    Src\dotstar.o
DotStar::DotStar(unsigned char, unsigned char)    Src\dotstar.o
DotStar::begin()                                  Src\dotstar.o
DotStar::clear()                                  Src\dotstar.o
DotStar::getBrightness() const                    Src\dotstar.o
DotStar::getPixelColor(unsigned char) const       Src\dotstar.o
DotStar::getPixels() const                        Src\dotstar.o
DotStar::numPixels()                              Src\dotstar.o
                                                  Src\ring_effects.o
DotStar::setBrightness(unsigned char)             Src\dotstar.o
DotStar::setPixelColor(unsigned char, unsigned char, unsigned char, unsigned char) Src\dotstar.o
                                                  Src\ring_effects.o
DotStar::setPixelColor(unsigned char, unsigned long) Src\dotstar.o
DotStar::show()                                   Src\dotstar.o
                                                  Src\ring_effects.o
DotStar::sw_spi_end()                             Src\dotstar.o
DotStar::sw_spi_init()                            Src\dotstar.o
DotStar::sw_spi_out(unsigned char)                Src\dotstar.o
DotStar::updateLength(unsigned char)              Src\dotstar.o
DotStar::~DotStar()                               Src\dotstar.o
DotStar::~DotStar()                               Src\dotstar.o
EXTI0_1_IRQHandler                                startup\startup_stm32l052xx.o
EXTI2_3_IRQHandler                                startup\startup_stm32l052xx.o
EXTI4_15_IRQHandler                               startup\startup_stm32l052xx.o
FLASH_IRQHandler                                  startup\startup_stm32l052xx.o
FLASH_PageErase                                   Drivers\STM32L0xx_HAL_Driver\Src\stm32l0xx_hal_flash_ex.o
                                                  Drivers\STM32L0xx_HAL_Driver\Src\stm32l0xx_hal_flash.o
FLASH_WaitForLastOperation                        Drivers\STM32L0xx_HAL_Driver\Src\stm32l0xx_hal_flash.o
                                                  Drivers\STM32L0xx_HAL_Driver\Src\stm32l0xx_hal_flash_ex.o
FatFs                                             Src\main.o
HAL_DBGMCU_DBG_DisableLowPowerConfig              Drivers\STM32L0xx_HAL_Driver\Src\stm32l0xx_hal.o
HAL_DBGMCU_DBG_EnableLowPowerConfig               Drivers\STM32L0xx_HAL_Driver\Src\stm32l0xx_hal.o
HAL_DBGMCU_DisableDBGSleepMode                    Drivers\STM32L0xx_HAL_Driver\Src\stm32l0xx_hal.o
HAL_DBGMCU_DisableDBGStandbyMode                  Drivers\STM32L0xx_HAL_Driver\Src\stm32l0xx_hal.o
HAL_DBGMCU_DisableDBGStopMode                     Drivers\STM32L0xx_HAL_Driver\Src\stm32l0xx_hal.o
HAL_DBGMCU_EnableDBGSleepMode                     Drivers\STM32L0xx_HAL_Driver\Src\stm32l0xx_hal.o
HAL_DBGMCU_EnableDBGStandbyMode                   Drivers\STM32L0xx_HAL_Driver\Src\stm32l0xx_hal.o
HAL_DBGMCU_EnableDBGStopMode                      Drivers\STM32L0xx_HAL_Driver\Src\stm32l0xx_hal.o
HAL_DMA_Abort                                     Drivers\STM32L0xx_HAL_Driver\Src\stm32l0xx_hal_dma.o
                                                  Drivers\STM32L0xx_HAL_Driver\Src\stm32l0xx_hal_spi.o
                                                  Drivers\STM32L0xx_HAL_Driver\Src\stm32l0xx_hal_i2s.o
HAL_DMA_Abort_IT                                  Drivers\STM32L0xx_HAL_Driver\Src\stm32l0xx_hal_dma.o
                                                  Drivers\STM32L0xx_HAL_Driver\Src\stm32l0xx_hal_i2c.o
HAL_DMA_DeInit                                    Drivers\STM32L0xx_HAL_Driver\Src\stm32l0xx_hal_dma.o
                                                  Src\i2s.o
HAL_DMA_GetError                                  Drivers\STM32L0xx_HAL_Driver\Src\stm32l0xx_hal_dma.o
HAL_DMA_GetState                                  Drivers\STM32L0xx_HAL_Driver\Src\stm32l0xx_hal_dma.o
HAL_DMA_IRQHandler                                Drivers\STM32L0xx_HAL_Driver\Src\stm32l0xx_hal_dma.o
                                                  Src\stm32l0xx_it.o
HAL_DMA_Init                                      Drivers\STM32L0xx_HAL_Driver\Src\stm32l0xx_hal_dma.o
                                                  Src\i2s.o
HAL_DMA_PollForTransfer                           Drivers\STM32L0xx_HAL_Driver\Src\stm32l0xx_hal_dma.o
HAL_DMA_Start                                     Drivers\STM32L0xx_HAL_Driver\Src\stm32l0xx_hal_dma.o
HAL_DMA_Start_IT                                  Drivers\STM32L0xx_HAL_Driver\Src\stm32l0xx_hal_dma.o
                                                  Drivers\STM32L0xx_HAL_Driver\Src\stm32l0xx_hal_spi.o
                                                  Drivers\STM32L0xx_HAL_Driver\Src\stm32l0xx_hal_i2s.o
                                                  Drivers\STM32L0xx_HAL_Driver\Src\stm32l0xx_hal_i2c.o
HAL_DeInit                                        Drivers\STM32L0xx_HAL_Driver\Src\stm32l0xx_hal.o
HAL_Delay                                         Drivers\STM32L0xx_HAL_Driver\Src\stm32l0xx_hal.o
                                                  Src\ring_effects.o
                                                  Src\main.o
HAL_FLASHEx_AdvOBGetConfig                        Drivers\STM32L0xx_HAL_Driver\Src\stm32l0xx_hal_flash_ex.o
HAL_FLASHEx_AdvOBProgram                          Drivers\STM32L0xx_HAL_Driver\Src\stm32l0xx_hal_flash_ex.o
HAL_FLASHEx_DATAEEPROM_DisableFixedTimeProgram    Drivers\STM32L0xx_HAL_Driver\Src\stm32l0xx_hal_flash_ex.o
HAL_FLASHEx_DATAEEPROM_EnableFixedTimeProgram     Drivers\STM32L0xx_HAL_Driver\Src\stm32l0xx_hal_flash_ex.o
HAL_FLASHEx_DATAEEPROM_Erase                      Drivers\STM32L0xx_HAL_Driver\Src\stm32l0xx_hal_flash_ex.o
HAL_FLASHEx_DATAEEPROM_Lock                       Drivers\STM32L0xx_HAL_Driver\Src\stm32l0xx_hal_flash_ex.o
HAL_FLASHEx_DATAEEPROM_Program                    Drivers\STM32L0xx_HAL_Driver\Src\stm32l0xx_hal_flash_ex.o
HAL_FLASHEx_DATAEEPROM_Unlock                     Drivers\STM32L0xx_HAL_Driver\Src\stm32l0xx_hal_flash_ex.o
HAL_FLASHEx_DisableRunPowerDown                   Drivers\STM32L0xx_HAL_Driver\Src\stm32l0xx_hal_flash_ramfunc.o
HAL_FLASHEx_EnableRunPowerDown                    Drivers\STM32L0xx_HAL_Driver\Src\stm32l0xx_hal_flash_ramfunc.o
HAL_FLASHEx_Erase                                 Drivers\STM32L0xx_HAL_Driver\Src\stm32l0xx_hal_flash_ex.o
HAL_FLASHEx_Erase_IT                              Drivers\STM32L0xx_HAL_Driver\Src\stm32l0xx_hal_flash_ex.o
HAL_FLASHEx_GetError                              Drivers\STM32L0xx_HAL_Driver\Src\stm32l0xx_hal_flash_ramfunc.o
HAL_FLASHEx_HalfPageProgram                       Drivers\STM32L0xx_HAL_Driver\Src\stm32l0xx_hal_flash_ramfunc.o
HAL_FLASHEx_OBGetConfig                           Drivers\STM32L0xx_HAL_Driver\Src\stm32l0xx_hal_flash_ex.o
HAL_FLASHEx_OBProgram                             Drivers\STM32L0xx_HAL_Driver\Src\stm32l0xx_hal_flash_ex.o
HAL_FLASHEx_OB_DeSelectPCROP                      Drivers\STM32L0xx_HAL_Driver\Src\stm32l0xx_hal_flash_ex.o
HAL_FLASHEx_OB_SelectPCROP                        Drivers\STM32L0xx_HAL_Driver\Src\stm32l0xx_hal_flash_ex.o
HAL_FLASH_EndOfOperationCallback                  Drivers\STM32L0xx_HAL_Driver\Src\stm32l0xx_hal_flash.o
HAL_FLASH_GetError                                Drivers\STM32L0xx_HAL_Driver\Src\stm32l0xx_hal_flash.o
HAL_FLASH_IRQHandler                              Drivers\STM32L0xx_HAL_Driver\Src\stm32l0xx_hal_flash.o
HAL_FLASH_Lock                                    Drivers\STM32L0xx_HAL_Driver\Src\stm32l0xx_hal_flash.o
HAL_FLASH_OB_Launch                               Drivers\STM32L0xx_HAL_Driver\Src\stm32l0xx_hal_flash.o
HAL_FLASH_OB_Lock                                 Drivers\STM32L0xx_HAL_Driver\Src\stm32l0xx_hal_flash.o
HAL_FLASH_OB_Unlock                               Drivers\STM32L0xx_HAL_Driver\Src\stm32l0xx_hal_flash.o
HAL_FLASH_OperationErrorCallback                  Drivers\STM32L0xx_HAL_Driver\Src\stm32l0xx_hal_flash.o
HAL_FLASH_Program                                 Drivers\STM32L0xx_HAL_Driver\Src\stm32l0xx_hal_flash.o
HAL_FLASH_Program_IT                              Drivers\STM32L0xx_HAL_Driver\Src\stm32l0xx_hal_flash.o
HAL_FLASH_Unlock                                  Drivers\STM32L0xx_HAL_Driver\Src\stm32l0xx_hal_flash.o
HAL_GPIO_DeInit                                   Drivers\STM32L0xx_HAL_Driver\Src\stm32l0xx_hal_gpio.o
                                                  Src\spi.o
                                                  Src\i2s.o
                                                  Src\i2c.o
HAL_GPIO_EXTI_Callback                            Drivers\STM32L0xx_HAL_Driver\Src\stm32l0xx_hal_gpio.o
HAL_GPIO_EXTI_IRQHandler                          Drivers\STM32L0xx_HAL_Driver\Src\stm32l0xx_hal_gpio.o
HAL_GPIO_Init                                     Drivers\STM32L0xx_HAL_Driver\Src\stm32l0xx_hal_gpio.o
                                                  Src\spi.o
                                                  Src\i2s.o
                                                  Src\i2c.o
                                                  Src\gpio.o
                                                  Drivers\STM32L0xx_HAL_Driver\Src\stm32l0xx_hal_rcc.o
HAL_GPIO_LockPin                                  Drivers\STM32L0xx_HAL_Driver\Src\stm32l0xx_hal_gpio.o
HAL_GPIO_ReadPin                                  Drivers\STM32L0xx_HAL_Driver\Src\stm32l0xx_hal_gpio.o
                                                  Src\main.o
HAL_GPIO_TogglePin                                Drivers\STM32L0xx_HAL_Driver\Src\stm32l0xx_hal_gpio.o
                                                  Src\main.o
HAL_GPIO_WritePin                                 Drivers\STM32L0xx_HAL_Driver\Src\stm32l0xx_hal_gpio.o
                                                  Src\main.o
                                                  Src\gpio.o
                                                  Src\dotstar.o
                                                  Middlewares\Third_Party\FatFs\src\fat_sd_spi.o
HAL_GetDEVID                                      Drivers\STM32L0xx_HAL_Driver\Src\stm32l0xx_hal.o
HAL_GetHalVersion                                 Drivers\STM32L0xx_HAL_Driver\Src\stm32l0xx_hal.o
HAL_GetREVID                                      Drivers\STM32L0xx_HAL_Driver\Src\stm32l0xx_hal.o
HAL_GetTick                                       Drivers\STM32L0xx_HAL_Driver\Src\stm32l0xx_hal.o
                                                  Drivers\STM32L0xx_HAL_Driver\Src\stm32l0xx_hal_spi.o
                                                  Drivers\STM32L0xx_HAL_Driver\Src\stm32l0xx_hal_rcc_ex.o
                                                  Drivers\STM32L0xx_HAL_Driver\Src\stm32l0xx_hal_rcc.o
                                                  Drivers\STM32L0xx_HAL_Driver\Src\stm32l0xx_hal_i2s.o
                                                  Drivers\STM32L0xx_HAL_Driver\Src\stm32l0xx_hal_i2c.o
                                                  Drivers\STM32L0xx_HAL_Driver\Src\stm32l0xx_hal_flash.o
                                                  Drivers\STM32L0xx_HAL_Driver\Src\stm32l0xx_hal_dma.o
HAL_I2CEx_ConfigAnalogFilter                      Drivers\STM32L0xx_HAL_Driver\Src\stm32l0xx_hal_i2c_ex.o
                                                  Src\i2c.o
HAL_I2CEx_ConfigDigitalFilter                     Drivers\STM32L0xx_HAL_Driver\Src\stm32l0xx_hal_i2c_ex.o
                                                  Src\i2c.o
HAL_I2CEx_DisableFastModePlus                     Drivers\STM32L0xx_HAL_Driver\Src\stm32l0xx_hal_i2c_ex.o